Modules list:
-------------
mario.o:
    CODE              Offs=000000  Size=00223D  Align=00001  Fill=0000
    RODATA            Offs=000000  Size=00005A  Align=00001  Fill=0000
    BSS               Offs=000000  Size=000000  Align=00001  Fill=0000
    DATA              Offs=000000  Size=000000  Align=00001  Fill=0000
    ZEROPAGE          Offs=000000  Size=000069  Align=00001  Fill=0000
    NULL              Offs=000000  Size=000000  Align=00001  Fill=0000
    HEADER            Offs=000000  Size=000010  Align=00001  Fill=0000
    USER_MEM          Offs=000000  Size=0000B7  Align=00001  Fill=0000
    DMA_MEM           Offs=000000  Size=000100  Align=00001  Fill=0000
    STARTUP           Offs=000000  Size=0000EB  Align=00001  Fill=0000
    CHARS             Offs=000000  Size=002000  Align=00001  Fill=0000
    VECINFO           Offs=000000  Size=000006  Align=00001  Fill=0000
smb.o:
    CODE              Offs=00223D  Size=000000  Align=00001  Fill=0000
    RODATA            Offs=00005A  Size=000B05  Align=00001  Fill=0000
    BSS               Offs=000000  Size=000000  Align=00001  Fill=0000
    DATA              Offs=000000  Size=000000  Align=00001  Fill=0000
    ZEROPAGE          Offs=000069  Size=000000  Align=00001  Fill=0000
    NULL              Offs=000000  Size=000000  Align=00001  Fill=0000
nsd/lib/nsd.lib(nsd_init.o):
    CODE              Offs=00223D  Size=00000A  Align=00001  Fill=0000
    RODATA            Offs=000B5F  Size=000000  Align=00001  Fill=0000
    BSS               Offs=000000  Size=000000  Align=00001  Fill=0000
    DATA              Offs=000000  Size=000000  Align=00001  Fill=0000
    ZEROPAGE          Offs=000069  Size=000000  Align=00001  Fill=0000
    NULL              Offs=000000  Size=000000  Align=00001  Fill=0000
nsd/lib/nsd.lib(nsd_main.o):
    CODE              Offs=002247  Size=000085  Align=00001  Fill=0000
    RODATA            Offs=000B5F  Size=000000  Align=00001  Fill=0000
    BSS               Offs=000000  Size=000000  Align=00001  Fill=0000
    DATA              Offs=000000  Size=000000  Align=00001  Fill=0000
    ZEROPAGE          Offs=000069  Size=000000  Align=00001  Fill=0000
    NULL              Offs=000000  Size=000000  Align=00001  Fill=0000
nsd/lib/nsd.lib(nsd_main_bgm.o):
    CODE              Offs=0022CC  Size=00005B  Align=00001  Fill=0000
    RODATA            Offs=000B5F  Size=000000  Align=00001  Fill=0000
    BSS               Offs=000000  Size=000000  Align=00001  Fill=0000
    DATA              Offs=000000  Size=000000  Align=00001  Fill=0000
    ZEROPAGE          Offs=000069  Size=000000  Align=00001  Fill=0000
    NULL              Offs=000000  Size=000000  Align=00001  Fill=0000
nsd/lib/nsd.lib(nsd_main_se.o):
    CODE              Offs=002327  Size=000032  Align=00001  Fill=0000
    RODATA            Offs=000B5F  Size=000000  Align=00001  Fill=0000
    BSS               Offs=000000  Size=000000  Align=00001  Fill=0000
    DATA              Offs=000000  Size=000000  Align=00001  Fill=0000
    ZEROPAGE          Offs=000069  Size=000000  Align=00001  Fill=0000
    NULL              Offs=000000  Size=000000  Align=00001  Fill=0000
nsd/lib/nsd.lib(nsd_play_bgm.o):
    CODE              Offs=002359  Size=0000E2  Align=00001  Fill=0000
    RODATA            Offs=000B5F  Size=000000  Align=00001  Fill=0000
    BSS               Offs=000000  Size=000000  Align=00001  Fill=0000
    DATA              Offs=000000  Size=000000  Align=00001  Fill=0000
    ZEROPAGE          Offs=000069  Size=000000  Align=00001  Fill=0000
    NULL              Offs=000000  Size=000000  Align=00001  Fill=0000
nsd/lib/nsd.lib(nsd_stop_bgm.o):
    CODE              Offs=00243B  Size=000020  Align=00001  Fill=0000
    RODATA            Offs=000B5F  Size=000000  Align=00001  Fill=0000
    BSS               Offs=000000  Size=000000  Align=00001  Fill=0000
    DATA              Offs=000000  Size=000000  Align=00001  Fill=0000
    ZEROPAGE          Offs=000069  Size=000000  Align=00001  Fill=0000
    NULL              Offs=000000  Size=000000  Align=00001  Fill=0000
nsd/lib/nsd.lib(nsd_pause_bgm.o):
    CODE              Offs=00245B  Size=00001B  Align=00001  Fill=0000
    RODATA            Offs=000B5F  Size=000000  Align=00001  Fill=0000
    BSS               Offs=000000  Size=000000  Align=00001  Fill=0000
    DATA              Offs=000000  Size=000000  Align=00001  Fill=0000
    ZEROPAGE          Offs=000069  Size=000000  Align=00001  Fill=0000
    NULL              Offs=000000  Size=000000  Align=00001  Fill=0000
nsd/lib/nsd.lib(nsd_resume_bgm.o):
    CODE              Offs=002476  Size=00003C  Align=00001  Fill=0000
    RODATA            Offs=000B5F  Size=000000  Align=00001  Fill=0000
    BSS               Offs=000000  Size=000000  Align=00001  Fill=0000
    DATA              Offs=000000  Size=000000  Align=00001  Fill=0000
    ZEROPAGE          Offs=000069  Size=000000  Align=00001  Fill=0000
    NULL              Offs=000000  Size=000000  Align=00001  Fill=0000
nsd/lib/nsd.lib(nsd_play_se.o):
    CODE              Offs=0024B2  Size=00007E  Align=00001  Fill=0000
    RODATA            Offs=000B5F  Size=000000  Align=00001  Fill=0000
    BSS               Offs=000000  Size=000000  Align=00001  Fill=0000
    DATA              Offs=000000  Size=000000  Align=00001  Fill=0000
    ZEROPAGE          Offs=000069  Size=000000  Align=00001  Fill=0000
    NULL              Offs=000000  Size=000000  Align=00001  Fill=0000
nsd/lib/nsd.lib(nsd_stop_se.o):
    CODE              Offs=002530  Size=000024  Align=00001  Fill=0000
    RODATA            Offs=000B5F  Size=000000  Align=00001  Fill=0000
    BSS               Offs=000000  Size=000000  Align=00001  Fill=0000
    DATA              Offs=000000  Size=000000  Align=00001  Fill=0000
    ZEROPAGE          Offs=000069  Size=000000  Align=00001  Fill=0000
    NULL              Offs=000000  Size=000000  Align=00001  Fill=0000
nsd/lib/nsd.lib(nsd_sequence.o):
    CODE              Offs=002554  Size=0005A0  Align=00001  Fill=0000
    RODATA            Offs=000B5F  Size=000098  Align=00001  Fill=0000
    BSS               Offs=000000  Size=000000  Align=00001  Fill=0000
    DATA              Offs=000000  Size=000000  Align=00001  Fill=0000
    ZEROPAGE          Offs=000069  Size=000000  Align=00001  Fill=0000
    NULL              Offs=000000  Size=000000  Align=00001  Fill=0000
nsd/lib/nsd.lib(nsd_envelope.o):
    CODE              Offs=002AF4  Size=00023B  Align=00001  Fill=0000
    RODATA            Offs=000BF7  Size=000000  Align=00001  Fill=0000
    BSS               Offs=000000  Size=000000  Align=00001  Fill=0000
    DATA              Offs=000000  Size=000000  Align=00001  Fill=0000
    ZEROPAGE          Offs=000069  Size=000000  Align=00001  Fill=0000
    NULL              Offs=000000  Size=000000  Align=00001  Fill=0000
nsd/lib/nsd.lib(nsd_snd.o):
    CODE              Offs=002D2F  Size=0002A4  Align=00001  Fill=0000
    RODATA            Offs=000BF7  Size=000116  Align=00001  Fill=0000
    BSS               Offs=000000  Size=000000  Align=00001  Fill=0000
    DATA              Offs=000000  Size=000000  Align=00001  Fill=0000
    ZEROPAGE          Offs=000069  Size=000000  Align=00001  Fill=0000
    NULL              Offs=000000  Size=000000  Align=00001  Fill=0000
nsd/lib/nsd.lib(nsd_math.o):
    CODE              Offs=002FD3  Size=000066  Align=00001  Fill=0000
    RODATA            Offs=000D0D  Size=000000  Align=00001  Fill=0000
    BSS               Offs=000000  Size=000000  Align=00001  Fill=0000
    DATA              Offs=000000  Size=000000  Align=00001  Fill=0000
    ZEROPAGE          Offs=000069  Size=000000  Align=00001  Fill=0000
    NULL              Offs=000000  Size=000000  Align=00001  Fill=0000
nsd/lib/nsd.lib(nsd_work.o):
    CODE              Offs=003039  Size=000000  Align=00001  Fill=0000
    RODATA            Offs=000D0D  Size=000000  Align=00001  Fill=0000
    BSS               Offs=000000  Size=000126  Align=00001  Fill=0000
    DATA              Offs=000000  Size=000000  Align=00001  Fill=0000
    ZEROPAGE          Offs=000069  Size=000030  Align=00001  Fill=0000
    NULL              Offs=000000  Size=000000  Align=00001  Fill=0000


Segment list:
-------------
Name                   Start     End    Size  Align
----------------------------------------------------
CHARS                 000000  001FFF  002000  00001
HEADER                000000  00000F  000010  00001
NULL                  000000  000000  000000  00001
ZEROPAGE              000000  000098  000099  00001
BSS                   000200  000325  000126  00001
DATA                  000200  000200  000000  00001
USER_MEM              000600  0006B6  0000B7  00001
DMA_MEM               000700  0007FF  000100  00001
STARTUP               008000  0080EA  0000EB  00001
RODATA                0080EB  008DF7  000D0D  00001
CODE                  008DF8  00BE30  003039  00001
VECINFO               00FFFA  00FFFF  000006  00001


Exports list by name:
---------------------
MARIOBGM0                 008492 RLA    MARIOBGM1                 008656 RLA    
MARIOBGM2                 008B99 RLA    MARIOSE0                  008BCC RLA    
MARIOSE1                  008BF0  LA    MARIOSE2                  008C1A RLA    
MARIOSE3                  008C2D RLA    __BSS_LOAD__              000200  LA    
__BSS_RUN__               000200  LA    __BSS_SIZE__              000126  EA    
__CODE_LOAD__             008DF8  LA    __CODE_RUN__              008DF8  LA    
__CODE_SIZE__             003039  EA    __DATA_LOAD__             008DF8  LA    
__DATA_RUN__              000200  LA    __DATA_SIZE__             000000  EA    
__DMA_MEM_FILEOFFS__      00A160  EA    __DMA_MEM_LAST__          000800  LA    
__DMA_MEM_SIZE__          000100  EA    __DMA_MEM_START__         000700  LA    
__RAM_FILEOFFS__          00A0A9  EA    __RAM_LAST__              000326  LA    
__RAM_SIZE__              000200  EA    __RAM_START__             000200  LA    
__RODATA_LOAD__           0080EB  LA    __RODATA_RUN__            0080EB  LA    
__RODATA_SIZE__           000D0D  EA    __ROMCHR_FILEOFFS__       008010  EA    
__ROMCHR_LAST__           002000  LA    __ROMCHR_SIZE__           002000  EA    
__ROMCHR_START__          000000  LA    __ROMINFO_FILEOFFS__      00800A  EA    
__ROMINFO_LAST__          010000  LA    __ROMINFO_SIZE__          000006  EA    
__ROMINFO_START__         00FFFA  LA    __ROMST_FILEOFFS__        000010  EA    
__ROMST_LAST__            00BE31  LA    __ROMST_SIZE__            007FFA  EA    
__ROMST_START__           008000  LA    __STARTUP_LOAD__          008000  LA    
__STARTUP_RUN__           008000  LA    __STARTUP_SIZE__          0000EB  EA    
__USER_MEM_FILEOFFS__     00A0A9  EA    __USER_MEM_LAST__         0006B7  LA    
__USER_MEM_SIZE__         000200  EA    __USER_MEM_START__        000600  LA    
__VECINFO_LOAD__          00FFFA  LA    __VECINFO_RUN__           00FFFA  LA    
__VECINFO_SIZE__          000006  EA    __ZP_FILEOFFS__           00A010  EA    
__ZP_LAST__               000099  LA    __ZP_SIZE__               000100  EA    
__ZP_START__              000000  LA    _nsd_div192               00BDCB RLA    
_nsd_dpcm_calc            00BB4F  LA    _nsd_init                 00B035 RLA    
_nsd_main                 00B03F RLA    _nsd_main_bgm             00B0C4 RLA    
_nsd_main_se              00B11F RLA    _nsd_mul                  00BE08 RLA    
_nsd_pause                00B265  LA    _nsd_pause_bgm            00B253 RLA    
_nsd_play                 00B1A7 RLA    _nsd_play_bgm             00B151 RLA    
_nsd_play_se              00B2AA RLA    _nsd_resume_bgm           00B26E RLA    
_nsd_snd_frequency        00BCB2 RLA    _nsd_snd_init             00BB27 RLA    
_nsd_snd_keyoff           00BBC9 RLA    _nsd_snd_keyon            00BB6A RLA    
_nsd_snd_sweep            00BC8F RLA    _nsd_snd_voice            00BBF5 RLA    
_nsd_snd_volume           00BC37 RLA    _nsd_stop_bgm             00B233 RLA    
_nsd_stop_se              00B328 RLA    nsd_envelop               00B8EC RLA    
nsd_sequence              00B373 RLA    nsd_work                  000200 RLA    
nsd_work_zp               000069 RLZ    


Exports list by value:
----------------------
__ROMCHR_START__          000000  LA    __ZP_START__              000000  LA    
__DATA_SIZE__             000000  EA    __VECINFO_SIZE__          000006  EA    
__ROMINFO_SIZE__          000006  EA    __ROMST_FILEOFFS__        000010  EA    
nsd_work_zp               000069 RLZ    __ZP_LAST__               000099  LA    
__STARTUP_SIZE__          0000EB  EA    __ZP_SIZE__               000100  EA    
__DMA_MEM_SIZE__          000100  EA    __BSS_SIZE__              000126  EA    
__USER_MEM_SIZE__         000200  EA    __DATA_RUN__              000200  LA    
__RAM_SIZE__              000200  EA    nsd_work                  000200 RLA    
__BSS_RUN__               000200  LA    __BSS_LOAD__              000200  LA    
__RAM_START__             000200  LA    __RAM_LAST__              000326  LA    
__USER_MEM_START__        000600  LA    __USER_MEM_LAST__         0006B7  LA    
__DMA_MEM_START__         000700  LA    __DMA_MEM_LAST__          000800  LA    
__RODATA_SIZE__           000D0D  EA    __ROMCHR_LAST__           002000  LA    
__ROMCHR_SIZE__           002000  EA    __CODE_SIZE__             003039  EA    
__ROMST_SIZE__            007FFA  EA    __STARTUP_LOAD__          008000  LA    
__ROMST_START__           008000  LA    __STARTUP_RUN__           008000  LA    
__ROMINFO_FILEOFFS__      00800A  EA    __ROMCHR_FILEOFFS__       008010  EA    
__RODATA_RUN__            0080EB  LA    __RODATA_LOAD__           0080EB  LA    
MARIOBGM0                 008492 RLA    MARIOBGM1                 008656 RLA    
MARIOBGM2                 008B99 RLA    MARIOSE0                  008BCC RLA    
MARIOSE1                  008BF0  LA    MARIOSE2                  008C1A RLA    
MARIOSE3                  008C2D RLA    __CODE_LOAD__             008DF8  LA    
__CODE_RUN__              008DF8  LA    __DATA_LOAD__             008DF8  LA    
__ZP_FILEOFFS__           00A010  EA    __RAM_FILEOFFS__          00A0A9  EA    
__USER_MEM_FILEOFFS__     00A0A9  EA    __DMA_MEM_FILEOFFS__      00A160  EA    
_nsd_init                 00B035 RLA    _nsd_main                 00B03F RLA    
_nsd_main_bgm             00B0C4 RLA    _nsd_main_se              00B11F RLA    
_nsd_play_bgm             00B151 RLA    _nsd_play                 00B1A7 RLA    
_nsd_stop_bgm             00B233 RLA    _nsd_pause_bgm            00B253 RLA    
_nsd_pause                00B265  LA    _nsd_resume_bgm           00B26E RLA    
_nsd_play_se              00B2AA RLA    _nsd_stop_se              00B328 RLA    
nsd_sequence              00B373 RLA    nsd_envelop               00B8EC RLA    
_nsd_snd_init             00BB27 RLA    _nsd_dpcm_calc            00BB4F  LA    
_nsd_snd_keyon            00BB6A RLA    _nsd_snd_keyoff           00BBC9 RLA    
_nsd_snd_voice            00BBF5 RLA    _nsd_snd_volume           00BC37 RLA    
_nsd_snd_sweep            00BC8F RLA    _nsd_snd_frequency        00BCB2 RLA    
_nsd_div192               00BDCB RLA    _nsd_mul                  00BE08 RLA    
__ROMST_LAST__            00BE31  LA    __VECINFO_LOAD__          00FFFA  LA    
__VECINFO_RUN__           00FFFA  LA    __ROMINFO_START__         00FFFA  LA    
__ROMINFO_LAST__          010000  LA    


Imports list:
-------------
MARIOBGM0 (smb.o):
    mario.o                   ./asm/init.asm:3
MARIOBGM1 (smb.o):
    mario.o                   ./asm/engine.asm:4
MARIOBGM2 (smb.o):
    mario.o                   ./asm/engine.asm:5
MARIOSE0 (smb.o):
    mario.o                   ./asm/sprite.asm:29
MARIOSE1 (smb.o):
MARIOSE2 (smb.o):
    mario.o                   ./asm/player_move.asm:48
MARIOSE3 (smb.o):
    mario.o                   ./asm/engine.asm:3
__BSS_LOAD__ ([linker generated]):
__BSS_RUN__ ([linker generated]):
__BSS_SIZE__ ([linker generated]):
__CODE_LOAD__ ([linker generated]):
__CODE_RUN__ ([linker generated]):
__CODE_SIZE__ ([linker generated]):
__DATA_LOAD__ ([linker generated]):
__DATA_RUN__ ([linker generated]):
__DATA_SIZE__ ([linker generated]):
__DMA_MEM_FILEOFFS__ ([linker generated]):
__DMA_MEM_LAST__ ([linker generated]):
__DMA_MEM_SIZE__ ([linker generated]):
__DMA_MEM_START__ ([linker generated]):
__RAM_FILEOFFS__ ([linker generated]):
__RAM_LAST__ ([linker generated]):
__RAM_SIZE__ ([linker generated]):
__RAM_START__ ([linker generated]):
__RODATA_LOAD__ ([linker generated]):
__RODATA_RUN__ ([linker generated]):
__RODATA_SIZE__ ([linker generated]):
__ROMCHR_FILEOFFS__ ([linker generated]):
__ROMCHR_LAST__ ([linker generated]):
__ROMCHR_SIZE__ ([linker generated]):
__ROMCHR_START__ ([linker generated]):
__ROMINFO_FILEOFFS__ ([linker generated]):
__ROMINFO_LAST__ ([linker generated]):
__ROMINFO_SIZE__ ([linker generated]):
__ROMINFO_START__ ([linker generated]):
__ROMST_FILEOFFS__ ([linker generated]):
__ROMST_LAST__ ([linker generated]):
__ROMST_SIZE__ ([linker generated]):
__ROMST_START__ ([linker generated]):
__STARTUP_LOAD__ ([linker generated]):
__STARTUP_RUN__ ([linker generated]):
__STARTUP_SIZE__ ([linker generated]):
__USER_MEM_FILEOFFS__ ([linker generated]):
__USER_MEM_LAST__ ([linker generated]):
__USER_MEM_SIZE__ ([linker generated]):
__USER_MEM_START__ ([linker generated]):
__VECINFO_LOAD__ ([linker generated]):
__VECINFO_RUN__ ([linker generated]):
__VECINFO_SIZE__ ([linker generated]):
__ZP_FILEOFFS__ ([linker generated]):
__ZP_LAST__ ([linker generated]):
__ZP_SIZE__ ([linker generated]):
__ZP_START__ ([linker generated]):
_nsd_div192 (nsd_math.o):
    nsd_snd.o                 nsd_snd.s:25
_nsd_dpcm_calc (nsd_snd.o):
_nsd_init (nsd_init.o):
    mario.o                   ./nsd/include/nsd.inc:63
_nsd_main (nsd_main.o):
    mario.o                   ./nsd/include/nsd.inc:49
_nsd_main_bgm (nsd_main_bgm.o):
    mario.o                   ./nsd/include/nsd.inc:50
_nsd_main_se (nsd_main_se.o):
    mario.o                   ./nsd/include/nsd.inc:51
_nsd_mul (nsd_math.o):
    nsd_envelope.o            nsd_envelope.s:20
_nsd_pause (nsd_pause_bgm.o):
_nsd_pause_bgm (nsd_pause_bgm.o):
    mario.o                   ./nsd/include/nsd.inc:107
_nsd_play (nsd_play_bgm.o):
    nsd_play_se.o             nsd_play_se.s:17
_nsd_play_bgm (nsd_play_bgm.o):
    mario.o                   ./nsd/include/nsd.inc:85
_nsd_play_se (nsd_play_se.o):
    nsd_sequence.o            nsd_sequence.s:21
    mario.o                   ./nsd/include/nsd.inc:151
_nsd_resume_bgm (nsd_resume_bgm.o):
    mario.o                   ./nsd/include/nsd.inc:118
_nsd_snd_frequency (nsd_snd.o):
    nsd_envelope.o            nsd_envelope.s:19
_nsd_snd_init (nsd_snd.o):
    nsd_init.o                nsd_init.s:20
_nsd_snd_keyoff (nsd_snd.o):
    nsd_sequence.o            nsd_sequence.s:18
    nsd_stop_se.o             nsd_stop_se.s:22
    nsd_pause_bgm.o           nsd_pause_bgm.s:19
    nsd_stop_bgm.o            nsd_stop_bgm.s:19
_nsd_snd_keyon (nsd_snd.o):
    nsd_sequence.o            nsd_sequence.s:17
_nsd_snd_sweep (nsd_snd.o):
    nsd_sequence.o            nsd_sequence.s:19
_nsd_snd_voice (nsd_snd.o):
    nsd_envelope.o            nsd_envelope.s:17
    nsd_sequence.o            nsd_sequence.s:20
_nsd_snd_volume (nsd_snd.o):
    nsd_envelope.o            nsd_envelope.s:18
    nsd_stop_se.o             nsd_stop_se.s:21
    nsd_pause_bgm.o           nsd_pause_bgm.s:18
    nsd_stop_bgm.o            nsd_stop_bgm.s:18
_nsd_stop_bgm (nsd_stop_bgm.o):
    nsd_play_bgm.o            nsd_play_bgm.s:18
    nsd_init.o                nsd_init.s:17
    mario.o                   ./nsd/include/nsd.inc:96
_nsd_stop_se (nsd_stop_se.o):
    nsd_init.o                nsd_init.s:18
    mario.o                   ./nsd/include/nsd.inc:162
nsd_envelop (nsd_envelope.o):
    nsd_main_se.o             nsd_main_se.s:21
    nsd_main_bgm.o            nsd_main_bgm.s:21
    nsd_main.o                nsd_main.s:21
nsd_sequence (nsd_sequence.o):
    nsd_main_se.o             nsd_main_se.s:20
    nsd_main_bgm.o            nsd_main_bgm.s:20
    nsd_main.o                nsd_main.s:20
nsd_work (nsd_work.o):
    nsd_snd.o                 nsd_snd.s:27
    nsd_envelope.o            nsd_envelope.s:26
    nsd_sequence.o            nsd_sequence.s:22
    nsd_stop_se.o             nsd_stop_se.s:24
    nsd_resume_bgm.o          nsd_resume_bgm.s:17
    nsd_stop_bgm.o            nsd_stop_bgm.s:21
    nsd_play_bgm.o            nsd_play_bgm.s:24
nsd_work_zp (nsd_work.o):
    nsd_math.o                nsd_math.s:18
    nsd_snd.o                 nsd_snd.s:28
    nsd_envelope.o            nsd_envelope.s:27
    nsd_sequence.o            nsd_sequence.s:23
    nsd_stop_se.o             nsd_stop_se.s:25
    nsd_play_se.o             nsd_play_se.s:25
    nsd_resume_bgm.o          nsd_resume_bgm.s:18
    nsd_pause_bgm.o           nsd_pause_bgm.s:22
    nsd_stop_bgm.o            nsd_stop_bgm.s:22
    nsd_play_bgm.o            nsd_play_bgm.s:25
    nsd_main_se.o             nsd_main_se.s:17
    nsd_main_bgm.o            nsd_main_bgm.s:17
    nsd_main.o                nsd_main.s:17

