ca65 V2.19 - Git de30a57
Main file   : pacman.asm
Current file: pacman.asm

000000r 1               .setcpu "6502"
000000r 1               .feature c_comments						; Allow C language type comments (/* comments */)
000000r 1               .feature underline_in_numbers			; Allow notation %1010_0010
000000r 1               .linecont +								; Allow line breaks in the middle of lines if you put a backslash at the end of the line
000000r 1               
000000r 1               .rodata									; ----- data -----
000000r 1               .include "inc/const.inc"
000000r 2               BTN_A									= %10000000
000000r 2               BTN_B									= %01000000
000000r 2               BTN_S									= %00100000
000000r 2               BTN_T									= %00010000
000000r 2               BTN_U									= %00001000
000000r 2               BTN_D									= %00000100
000000r 2               BTN_L									= %00000010
000000r 2               BTN_R									= %00000001
000000r 2               
000000r 2               PPU_END_CODE							= %11111111			; $ff
000000r 2               PPU_VERTICAL_MODE						= %11111110			; $fe
000000r 2               PPU_HORIZONTAL_MODE						= %11111100			; $fc
000000r 2               PPU_SP_CODE								= %11111000			; special code
000000r 2               
000000r 2               PPU_CTRL1_STD							= %10010000		; |NMION|PPU=MASTER|SPR8*8|BG$1000|SPR$0000|VRAM+1|SCRN$2000(2)|
000000r 2               PPU_CTRL2_STD							= %00011110		; |R|G|B|DISP-SPR|DISP-BG|SHOW-L8SPR|SHOW-L8BG|MODE=COLOR|
000000r 2               
000000r 1               .include "inc/const_addr.inc"
000000r 2               ZP					= $00
000000r 2               CHR_DATA			= $0300
000000r 2               MAP1_DATA			= $0400
000000r 2               MAP2_DATA			= $0500
000000r 2               PPU_UPDATE_DATA		= $0600
000000r 2               
000000r 2               PLT_TABLE_ADDR		= $3f
000000r 2               
000000r 2               PPU_CTRL1			= $2000
000000r 2               PPU_CTRL2			= $2001
000000r 2               PPU_STATUS			= $2002
000000r 2               OAM_ADDR			= $2003
000000r 2               OAM_DATA			= $2004
000000r 2               PPU_SCROLL			= $2005
000000r 2               PPU_ADDR			= $2006
000000r 2               PPU_DATA			= $2007
000000r 2               OAM_DMA				= $4014
000000r 2               
000000r 2               /*
000000r 2               SOUND_SQ1_1			= $4000		; Duty(2)|時間カウンタ|音響変化|ボリューム(4)
000000r 2               SOUND_SQ1_2			= $4001		; 周波数変化|変化速度(3)|変化方向|変化範囲(3)
000000r 2               SOUND_SQ1_3			= $4002		; 周波数下位
000000r 2               SOUND_SQ1_4			= $4003		; 再生時間(5)|周波数上位(3)
000000r 2               SOUND_SQ2_1			= $4004
000000r 2               SOUND_SQ2_2			= $4005
000000r 2               SOUND_SQ2_3			= $4006
000000r 2               SOUND_SQ2_4			= $4007
000000r 2               SOUND_TR_1			= $4008		; 再生時間カウンタ|カウンタを使用した長さ(7)
000000r 2               SOUND_TR_2			= $400A		; 周波数下位
000000r 2               SOUND_TR_3			= $400B		; 再生時間(5)|周波数上位(3)
000000r 2               SOUND_NS_1			= $400C		; 未使用(2)|再生時間カウンタ|音響固定|ボリューム(3)
000000r 2               SOUND_NS_2			= $400E		; 乱数タイプ(高周波)|未使用(3)|サンプルレート(4)
000000r 2               SOUND_NS_3			= $400F		; 再生時間(5)|未使用(3)
000000r 2               SOUND_CHANNEL		= $4015		; 未使用(3)|DPCM|ノイズ|三角波|CH2|CH1
000000r 2               */
000000r 2               
000000r 2               JOYPAD1				= $4016
000000r 2               JOYPAD2				= $4017
000000r 2               
000000r 1               .include "inc/var_addr.inc"
000000r 2               ; ZeroPage
000000r 2               .segment "ZEROPAGE"
000000r 2  00           tmp1						: .byte 0	; $00
000001r 2  00           tmp2						: .byte 0	; $01
000002r 2  00           tmp3						: .byte 0	; $02
000003r 2  00           scroll_x					: .byte 0	; $03
000004r 2  00           scroll_y					: .byte 0	; $04
000005r 2  00           ppu_ctrl1_cpy				: .byte 0	; $05 |NMI-ON|PPU=MASTER|SPR8*8|BG$1000|SPR$0000|VRAM+1|SCREEN$2000(2)|
000006r 2  00           ppu_ctrl2_cpy				: .byte 0	; $06 |R|G|B|DISP-SPR|DISP-BG|SHOW-L8-SPR|SHOW-L8-BG|MODE=COLOR|
000007r 2               
000007r 2  00           joy1						: .byte 0	; $07
000008r 2  00           joy2						: .byte 0	; $08
000009r 2  00           joy1_prev					: .byte 0	; $09
00000Ar 2  00           joy2_prev					: .byte 0	; $0A
00000Br 2  00           joy1_pushstart				: .byte 0	; $0B
00000Cr 2  00           joy2_pushstart				: .byte 0	; $0C
00000Dr 2               
00000Dr 2  00           ppu_update_data_pointer		: .byte 0	; $0D
00000Er 2  00 00        addr_tmp1					: .addr 0	; $0E, $0F
000010r 2               
000010r 2  00           tmp_rgstA					: .byte 0	; $10
000011r 2  00           tmp_rgstX					: .byte 0	; $11
000012r 2  00           tmp_rgstY					: .byte 0	; $12
000013r 2               
000013r 2               nmi_cnt						= $fd
000013r 2               frm_cnt						= $fe
000013r 2               isend_main					= $ff
000013r 2               
000013r 2               .code
000000r 2               
000000r 2               ; LABEL: .res Len FillVal
000000r 2               
000000r 1               .include "inc/palette.inc"
000000r 2               DEFAULT_PLT:
000000r 2               		; BG
000000r 2  22 17 36 0F  		.byte $22,$17,$36,$0f
000004r 2  00 28 17 07  		.byte $00,$28,$17,$07
000008r 2  00 22 00 00  		.byte $00,$22,$00,$00
00000Cr 2  00 00 00 00  		.byte $00,$00,$00,$00
000010r 2               		; SPR
000010r 2  22 16 27 18  		.byte $22,$16,$27,$18
000014r 2  00 00 00 00  		.byte $00,$00,$00,$00
000018r 2  00 00 00 00  		.byte $00,$00,$00,$00
00001Cr 2  00 00 00 00  		.byte $00,$00,$00,$00
000020r 2               
000020r 1               
000020r 1               .include "./asm/macro.asm"
000020r 2               ; ------------------------------------------------------------------------------
000020r 2               ; Load array
000020r 2               ; A = Arr[X][Y]
000020r 2               ; @PARAM	ADDR: Array Address
000020r 2               ; @PARAM	X Y: index (Access Arr[x][y])
000020r 2               ; @BREAK	A tmp1
000020r 2               ; @RETURN	A
000020r 2               ; ------------------------------------------------------------------------------
000020r 2               
000020r 2               .macro ldarr ADDR
000020r 2               		sty tmp1						; save Y
000020r 2               		txa
000020r 2               		asl								; ×2（アドレスが16bitなのでARR[x][y]のxが+1 => 読み込むアドレスは+2する必要がある
000020r 2               		tay								; アドレッシングに使うためYレジスタへ
000020r 2               		lda ADDR, y						; Low
000020r 2               		sta <addr_tmp1
000020r 2               		lda ADDR+1, y					; High
000020r 2               		sta >addr_tmp1
000020r 2               		ldy tmp1						; restore Y
000020r 2               		lda (addr_tmp1), y
000020r 2               .endmacro
000020r 2               
000020r 2               
000020r 2               ; ------------------------------------------------------------------------------
000020r 2               ; Calculate Negative Numbers
000020r 2               ; ------------------------------------------------------------------------------
000020r 2               
000020r 2               .macro cnn
000020r 2               		eor #$ff
000020r 2               		add #$01
000020r 2               .endmacro
000020r 2               
000020r 2               
000020r 2               ; ------------------------------------------------------------------------------
000020r 2               ; Upper 4 bits -> lower bits
000020r 2               ; ------------------------------------------------------------------------------
000020r 2               
000020r 2               .macro rsft4
000020r 2               		lsr
000020r 2               		lsr
000020r 2               		lsr
000020r 2               		lsr
000020r 2               .endmacro
000020r 2               
000020r 2               
000020r 2               ; ------------------------------------------------------------------------------
000020r 2               ; Lower 4 bits -> upper bits
000020r 2               ; ------------------------------------------------------------------------------
000020r 2               
000020r 2               .macro lsft4
000020r 2               		asl
000020r 2               		asl
000020r 2               		asl
000020r 2               		asl
000020r 2               .endmacro
000020r 2               
000020r 2               
000020r 2               ; ------------------------------------------------------------------------------
000020r 2               ; Addition
000020r 2               ; This Macro only supports Immediate/Zeropage/Absolute addressing.
000020r 2               ; Other addressing modes are not optimized for speed.
000020r 2               ; Other addressing usage: add a, {$00, x} / add a, {($00), y}
000020r 2               ; @PARAM	ARG1: register or Address
000020r 2               ; @PARAM	VAL
000020r 2               ; ------------------------------------------------------------------------------
000020r 2               
000020r 2               .macro add ARG1, VAL
000020r 2               		.if (.paramcount = 1)
000020r 2               			; add #3 / add $80
000020r 2               			clc
000020r 2               			adc ARG1
000020r 2               		.elseif (.paramcount = 2)
000020r 2               			.if (.match({ARG1}, a))
000020r 2               				; add a, #3 / add a, $80
000020r 2               				clc
000020r 2               				adc VAL
000020r 2               			.elseif (.match({ARG1}, x))
000020r 2               				; add x, ??
000020r 2               				.if (\
000020r 2               					.match(.left(1, {VAL}), #) &&\
000020r 2               					.right(.tcount({VAL})-1, {VAL}) <= 7\
000020r 2               				)
000020r 2               					; add x, #0~7
000020r 2               					.repeat (.right(.tcount({VAL})-1, {VAL}))
000020r 2               						inx
000020r 2               					.endrepeat
000020r 2               				.else
000020r 2               					pha
000020r 2               					txa
000020r 2               					clc
000020r 2               					adc VAL
000020r 2               					tax
000020r 2               					pla
000020r 2               				.endif
000020r 2               			.elseif (.match({ARG1}, y))
000020r 2               				; add y, ??
000020r 2               				.if (\
000020r 2               					.match(.left(1, {VAL}), #) &&\
000020r 2               					.right(.tcount({VAL})-1, {VAL}) <= 7\
000020r 2               				)
000020r 2               					; add y, #0~7
000020r 2               					.repeat (.right(.tcount ({VAL})-1, {VAL}))
000020r 2               						iny
000020r 2               					.endrepeat
000020r 2               				.else
000020r 2               					pha
000020r 2               					tya
000020r 2               					clc
000020r 2               					adc VAL
000020r 2               					tay
000020r 2               					pla
000020r 2               				.endif
000020r 2               			.else
000020r 2               				; add $00, ??
000020r 2               				.if (\
000020r 2               					.match(.left(1, {VAL}), #) &&\
000020r 2               					.right(.tcount({VAL})-1, {VAL}) <= 2\
000020r 2               				)
000020r 2               					; add $00, #0~2
000020r 2               					.repeat(.right(.tcount ({VAL})-1, {VAL}))
000020r 2               						inc ARG1
000020r 2               					.endrepeat
000020r 2               				.else
000020r 2               					pha
000020r 2               					lda ARG1
000020r 2               					clc
000020r 2               					adc VAL
000020r 2               					sta ARG1
000020r 2               					pla
000020r 2               				.endif
000020r 2               			.endif
000020r 2               		.else
000020r 2               			.error "Too or few parameters for macro 'add'"
000020r 2               		.endif
000020r 2               .endmacro
000020r 2               
000020r 2               
000020r 2               ; ------------------------------------------------------------------------------
000020r 2               ; Subtraction
000020r 2               ; @PARAM	ARG1: register or Address
000020r 2               ; @PARAM	VAL
000020r 2               ; ------------------------------------------------------------------------------
000020r 2               
000020r 2               .macro sub ARG1, VAL
000020r 2               		.if (.paramcount = 1)
000020r 2               			sec
000020r 2               			sbc ARG1
000020r 2               		.elseif (.paramcount = 2)
000020r 2               			.if (.match({ARG1}, a))
000020r 2               				sec
000020r 2               				sbc VAL
000020r 2               			.elseif (.match({ARG1}, x))
000020r 2               				.if (\
000020r 2               					.match(.left(1, {VAL}), #) &&\
000020r 2               					.right(.tcount({VAL})-1, {VAL}) <= 7\
000020r 2               				)
000020r 2               					.repeat (.right(.tcount({VAL})-1, {VAL}))
000020r 2               						dex
000020r 2               					.endrepeat
000020r 2               				.else
000020r 2               					pha
000020r 2               					txa
000020r 2               					sec
000020r 2               					sbc VAL
000020r 2               					tax
000020r 2               					pla
000020r 2               				.endif
000020r 2               			.elseif (.match({ARG1}, y))
000020r 2               				.if (\
000020r 2               					.match(.left(1, {VAL}), #) &&\
000020r 2               					.right(.tcount({VAL})-1, {VAL}) <= 7\
000020r 2               				)
000020r 2               					.repeat (.right(.tcount ({VAL})-1, {VAL}))
000020r 2               						dey
000020r 2               					.endrepeat
000020r 2               				.else
000020r 2               					pha
000020r 2               					tya
000020r 2               					sec
000020r 2               					sbc VAL
000020r 2               					tay
000020r 2               					pla
000020r 2               				.endif
000020r 2               			.else
000020r 2               				.if (\
000020r 2               					.match(.left(1, {VAL}), #) &&\
000020r 2               					.right(.tcount({VAL})-1, {VAL}) <= 2\
000020r 2               				)
000020r 2               					.repeat(.right(.tcount ({VAL})-1, {VAL}))
000020r 2               						dec ARG1
000020r 2               					.endrepeat
000020r 2               				.else
000020r 2               					pha
000020r 2               					lda ARG1
000020r 2               					sec
000020r 2               					sbc VAL
000020r 2               					sta ARG1
000020r 2               					pla
000020r 2               				.endif
000020r 2               			.endif
000020r 2               		.else
000020r 2               			.error "Too or few parameters for macro 'sub'"
000020r 2               		.endif
000020r 2               .endmacro
000020r 2               
000020r 2               
000020r 2               
000020r 2               ;*------------------------------------------------------------------------------
000020r 2               ; arithmetic right shift
000020r 2               ; @PARAM	ARG: register A or Address
000020r 2               ;*------------------------------------------------------------------------------
000020r 2               
000020r 2               .macro asr ARG
000020r 2               	.if (.blank(ARG) || .match({ARG}, a))
000020r 2               		cmp #%10000000					; Bit 7 into carry
000020r 2               		ror								; Shift carry into bit 7
000020r 2               	.else
000020r 2               		pha
000020r 2               		lda ARG
000020r 2               		cmp #%10000000
000020r 2               		ror ARG
000020r 2               		pla
000020r 2               	.endif
000020r 2               .endmacro
000020r 2               
000020r 1               .include "main.asm"
000020r 2               ;*------------------------------------------------------------------------------
000020r 2               ; メイン関数
000020r 2               ;*------------------------------------------------------------------------------
000020r 2               
000020r 2               .proc MAIN
000020r 2  A5 FF        		lda isend_main
000022r 2  D0 FC        		bne MAIN
000024r 2               
000024r 2  20 rr rr     		jsr _getJoyData
000027r 2               
000027r 2  A2 05        		ldx #5
000029r 2  E8 E8 E8 E8  		add x, #5
00002Dr 2  E8           
00002Er 2  86 80        		stx $80
000030r 2               
000030r 2               
000030r 2  A2 00        		ldx #0
000032r 2  A0 13        		ldy #PPU_DATA_ARR_END - PPU_DATA_ARR
000034r 2  86 rr        		stx ppu_update_data_pointer
000036r 2               
000036r 2               @STORE_PPU_DATA_LOOP:
000036r 2  BD rr rr     		lda PPU_DATA_ARR, x
000039r 2  F0 07        		beq @END_STORE
00003Br 2  9D 00 06     		sta PPU_UPDATE_DATA, x
00003Er 2  E8           		inx
00003Fr 2  88           		dey
000040r 2  D0 F4        		bne @STORE_PPU_DATA_LOOP
000042r 2               @END_STORE:
000042r 2  86 rr        		stx ppu_update_data_pointer
000044r 2               
000044r 2               
000044r 2               
000044r 2               		; endcode
000044r 2               
000044r 2               		; ----- End main -----
000044r 2  A6 rr        		ldx ppu_update_data_pointer
000046r 2  A9 FF        		lda #PPU_END_CODE
000048r 2  9D 00 06     		sta PPU_UPDATE_DATA, x
00004Br 2  E8           		inx
00004Cr 2               
00004Cr 2  A9 01        		lda #1
00004Er 2  85 FF        		sta isend_main
000050r 2               
000050r 2  4C rr rr     		jmp MAIN
000053r 2               .endproc
000053r 2               
000053r 2               
000053r 2               PPU_DATA_ARR:
000053r 2  FE           		.byte %11111110					; horizontal
000054r 2  20 43        		.dbyt $2043						; dbyt=Define BYTe?: Define word data with the hi & lo bytes swapped.($1234=$12,$34)
000056r 2  41 42 43     		.byte "ABC"
000059r 2  FF           		.byte %11111111					; vertical
00005Ar 2  22 80        		.dbyt $2280
00005Cr 2  31 32 33 34  		.byte "123456789A"
000060r 2  35 36 37 38  
000064r 2  39 41        
000066r 2               PPU_DATA_ARR_END:
000066r 2               
000066r 1               .include "./asm/init.asm"
000066r 2               .macro init
000066r 2               	sei									; IRQ禁止
000066r 2               	cld									; BCD禁止
000066r 2               	; NesDevではAPUのフレームIRQを無効にしているが，特定のマッパーでのみ有効
000066r 2               	ldx #$ff
000066r 2               	txs
000066r 2               	inx
000066r 2               	stx PPU_CTRL1						; NMI無効化
000066r 2               	stx PPU_CTRL2						; 描画停止
000066r 2               	stx $4010							; APU DMCのIRQ（bit7）無効化
000066r 2               
000066r 2               	/*
000066r 2               	A & $2002の結果でZ（ゼロフラグ）設定
000066r 2               	$2002のbit7 -> N（ネガティブフラグ）, bit6 -> V（オーバーフロー）に入る
000066r 2               	$2002のbit7にはVblank，bit6は0爆弾の状態が入っている
000066r 2               	リセット後のこのフラグは，状態が不定なので，一回bit命令でリセットが出来るらしい
000066r 2               	*/
000066r 2               	bit $2002
000066r 2               
000066r 2               	; Vblank待機1回目
000066r 2               @VBLANK_WAIT1:
000066r 2               	bit $2002
000066r 2               	bpl @VBLANK_WAIT1
000066r 2               
000066r 2               	; PPUが安定するまで約30,000サイクルの時間がある -> この間にRAMリセット
000066r 2               
000066r 2               	txa									; X = A = 0
000066r 2               @CLR_MEM:
000066r 2               	sta $00, x
000066r 2               	sta $0100, x
000066r 2               	sta $0200, x
000066r 2               	sta $0400, x
000066r 2               	sta $0500, x
000066r 2               	sta $0600, x
000066r 2               	sta $0700, x
000066r 2               	inx
000066r 2               	bne @CLR_MEM
000066r 2               
000066r 2               	lda #$ff
000066r 2               @CLR_CHR_MEM:
000066r 2               	sta $0300, x
000066r 2               	inx
000066r 2               	bne @CLR_CHR_MEM
000066r 2               
000066r 2               	; ここで必要なメモリの初期化
000066r 2               	lda #%10010000						; |NMI-ON|PPU=MASTER|SPR8*8|BG$1000|SPR$0000|VRAM+1|SCREEN$2000|
000066r 2               	sta ppu_ctrl1_cpy
000066r 2               	lda #%00011110						; |R|G|B|DISP-SPR|DISP-BG|SHOW-L8-SPR|SHOW-L8-BG|MODE=COLOR|
000066r 2               	sta ppu_ctrl2_cpy
000066r 2               
000066r 2               	; Vblank待機2回目
000066r 2               @VBLANK_WAIT2:
000066r 2               	bit $2002
000066r 2               	bpl @VBLANK_WAIT2
000066r 2               
000066r 2               	; パレットテーブル転送
000066r 2               	lda #PLT_TABLE_ADDR				; HIGH
000066r 2               	sta PPU_ADDR
000066r 2               	lda #0				; LOW
000066r 2               	sta PPU_ADDR
000066r 2               	tax
000066r 2               @TFR_PAL:								; TFR = transfar
000066r 2               	lda DEFAULT_PLT, x
000066r 2               	sta PPU_DATA
000066r 2               	inx
000066r 2               	cpx #$20
000066r 2               	bne @TFR_PAL
000066r 2               
000066r 2               	lda #0
000066r 2               	sta OAM_ADDR
000066r 2               	lda #$03
000066r 2               	sta OAM_DMA
000066r 2               
000066r 2               	; スクリーンON
000066r 2               	jsr _restorePPUSet
000066r 2               
000066r 2               	jsr _setScroll
000066r 2               
000066r 2               .endmacro
000066r 2               
000066r 1               .include "./asm/nmi.asm"
000066r 2               ;*------------------------------------------------------------------------------
000066r 2               ; PPU_UPDATE_DATAを読み取り，指定アドレスに書き込んでカウンタをインクリメント
000066r 2               ; Read PPU update data & store to PPU
000066r 2               ; @PARAM	ADDR: Forwarding address
000066r 2               ; @BREAK	A X
000066r 2               ; @RETURN	None
000066r 2               ;*------------------------------------------------------------------------------
000066r 2               
000066r 2               .macro tfrDataToPPU ADDR
000066r 2               	lda PPU_UPDATE_DATA, x
000066r 2               	sta ADDR
000066r 2               	inx
000066r 2               .endmacro
000066r 2               
000066r 2               ; memo
000066r 2               ; データ構造
000066r 2               ; r: データの書き込みの方向 -> 0b111111[0/1]0 -> 0xFC（横方向）/0xFE（縦方向）
000066r 2               ; e: エンドコード -> 0b11111111 -> 0xFF
000066r 2               ; a: addr
000066r 2               ; d: data
000066r 2               ; r a a d d d ... d r a a d d ... d e
000066r 2               
000066r 2               
000066r 2               ;*------------------------------------------------------------------------------
000066r 2               ; NMI (Interrupt)
000066r 2               ; @BREAK X Y (When end main process.)
000066r 2               ;*------------------------------------------------------------------------------
000066r 2               
000066r 2               .proc NMI
000066r 2  08           		php
000067r 2  48           		pha
000068r 2  E6 FD        		inc nmi_cnt
00006Ar 2  A5 FF        		lda isend_main
00006Cr 2  F0 44        		beq @EXIT
00006Er 2               
00006Er 2  E6 FE        		inc frm_cnt
000070r 2               
000070r 2  A2 00        		ldx #0
000072r 2  E4 rr        		cpx ppu_update_data_pointer
000074r 2  F0 3C        		beq @EXIT
000076r 2               @SET_MODE:
000076r 2  BD 00 06     		lda PPU_UPDATE_DATA, x
000079r 2  10 15        		bpl @SET_ADDR					; 0x00~0x7f => @SET_ADDR
00007Br 2  C9 FE        		cmp #%11111110
00007Dr 2  30 11        		bmi @SET_ADDR					; 0xfe~0xff = plus, 0x7e~0xfd => @SET_ADDR
00007Fr 2  29 01        		and #%00000001					; Get mode
000081r 2  0A           		asl
000082r 2  0A           		asl
000083r 2  85 rr        		sta tmp1						; Start using tmp1
000085r 2  A5 rr        		lda ppu_ctrl1_cpy
000087r 2  29 FB        		and #%11111011
000089r 2  05 rr        		ora tmp1						; End using tmp1
00008Br 2  85 rr        		sta ppu_ctrl1_cpy
00008Dr 2  8D 00 20     		sta PPU_CTRL1					; Not use restorePPUSet()
000090r 2               @SET_ADDR:
000090r 2  E8           		inx								; Not do inx when go to @EXIT
000091r 2  BD 00 06     		lda PPU_UPDATE_DATA, x
000094r 2  8D 06 20     		sta PPU_ADDR
000097r 2  E8           		inx
000098r 2  BD 00 06     		lda PPU_UPDATE_DATA, x
00009Br 2  8D 06 20     		sta PPU_ADDR
00009Er 2  E8           		inx
00009Fr 2               @STORE_DATA:
00009Fr 2  BD 00 06     		lda PPU_UPDATE_DATA, x
0000A2r 2  A8           		tay
0000A3r 2  29 FE        		and #%11111110
0000A5r 2  C9 FE        		cmp #%11111110
0000A7r 2  F0 CD        		beq @SET_MODE					; no inx
0000A9r 2  98           		tya
0000AAr 2  8D 07 20     		sta PPU_DATA
0000ADr 2  E8           		inx
0000AEr 2  E4 rr        		cpx ppu_update_data_pointer
0000B0r 2  D0 ED        		bne @STORE_DATA
0000B2r 2               
0000B2r 2               		; @SET_MODE + @SET_ADDR = 51 cycle
0000B2r 2               		; @STORE_DATA (return @STORE_DATA) = 24 cycle
0000B2r 2               		; @STORE_DATA (return @SET_MODE) = 13 cycle
0000B2r 2               
0000B2r 2               		; str1 = "A  B"
0000B2r 2               		; => 51 + space_len * 24 cycle
0000B2r 2               		; => mode(1) + addr(2) + data(2 + space_len) = (5 + space_len) bytes
0000B2r 2               		; |  len  || 1  | 2  |  3  |  4  |
0000B2r 2               		; | cycle || 75 | 99 | 123 | 147 |
0000B2r 2               		; str2 = 'A', str3 = 'B'
0000B2r 2               		; => (51 + 13) * 2 = 64 * 2 = 128 cycle
0000B2r 2               		; => (mode(1) + addr(2) + data(1)) * 2 = 8 bytes
0000B2r 2               		; space length:
0000B2r 2               		; 1: 75 cycle,	6 bytes (str1)
0000B2r 2               		; 2: 99 cycle,	7 bytes
0000B2r 2               		; 3: 123 cycle,	8 bytes
0000B2r 2               		; 4~: 128 cycle,8 bytes (str2)
0000B2r 2               
0000B2r 2               @EXIT:
0000B2r 2  A9 00        		lda #0
0000B4r 2  85 FF        		sta isend_main
0000B6r 2  20 rr rr     		jsr _setScroll
0000B9r 2  68           		pla
0000BAr 2  28           		plp
0000BBr 2  40           		rti	; --------------------------
0000BCr 2               .endproc
0000BCr 2               
0000BCr 1               .include "./asm/sub.asm"
0000BCr 2               ;*------------------------------------------------------------------------------
0000BCr 2               ; Restore PPU setting
0000BCr 2               ; @PARAM	None
0000BCr 2               ; @BREAK	A
0000BCr 2               ; @RETURN	None
0000BCr 2               ;*------------------------------------------------------------------------------
0000BCr 2               
0000BCr 2               _restorePPUSet:
0000BCr 2  A5 rr        		lda ppu_ctrl1_cpy
0000BEr 2  8D 00 20     		sta PPU_CTRL1
0000C1r 2  A5 rr        		lda ppu_ctrl2_cpy
0000C3r 2  8D 01 20     		sta PPU_CTRL2
0000C6r 2  60           		rts	; --------------------------
0000C7r 2               
0000C7r 2               
0000C7r 2               ;*------------------------------------------------------------------------------
0000C7r 2               ; Get Joypad data (including prev and newly pushed btn)
0000C7r 2               ; @PARAM	None
0000C7r 2               ; @BREAK	A
0000C7r 2               ; @RETURN	None
0000C7r 2               ;*------------------------------------------------------------------------------
0000C7r 2               
0000C7r 2               _getJoyData:
0000C7r 2               		; set prev
0000C7r 2  A5 rr        		lda joy1
0000C9r 2  85 rr        		sta joy1_prev
0000CBr 2  A5 rr        		lda joy2
0000CDr 2  85 rr        		sta joy2_prev
0000CFr 2               
0000CFr 2  20 rr rr     		jsr _readJoy
0000D2r 2               
0000D2r 2  A5 rr        		lda joy1
0000D4r 2  29 0A        		and #BTN_U|BTN_L				; Compare Up and Left...
0000D6r 2  4A           		lsr
0000D7r 2  25 rr        		and joy1						; to Down and Right
0000D9r 2  F0 0A        		beq @GET_PUSHSTART_BTN
0000DBr 2               		; Use previous frame's directions
0000DBr 2  A5 rr        		lda joy1
0000DDr 2  45 rr        		eor joy1_prev
0000DFr 2  29 F0        		and #%11110000
0000E1r 2  45 rr        		eor joy1_prev
0000E3r 2  85 rr        		sta joy1
0000E5r 2               
0000E5r 2               @GET_PUSHSTART_BTN:
0000E5r 2               		; set pushstart
0000E5r 2  A5 rr        		lda joy1_prev
0000E7r 2  49 FF        		eor #%11111111
0000E9r 2  25 rr        		and joy1
0000EBr 2  85 rr        		sta joy1_pushstart
0000EDr 2  A5 rr        		lda joy2_prev
0000EFr 2  49 FF        		eor #%11111111
0000F1r 2  25 rr        		and joy2
0000F3r 2  85 rr        		sta joy2_pushstart
0000F5r 2               
0000F5r 2  60           		rts	; --------------------------
0000F6r 2               
0000F6r 2               
0000F6r 2               ;*------------------------------------------------------------------------------
0000F6r 2               ; Read controller
0000F6r 2               ; @PARAM	None
0000F6r 2               ; @BREAK	A
0000F6r 2               ; @RETURN	None
0000F6r 2               ;*------------------------------------------------------------------------------
0000F6r 2               
0000F6r 2               _readJoy:
0000F6r 2               		; Init controller & Set a ring counter
0000F6r 2  A9 01        		lda #1
0000F8r 2  8D 16 40     		sta JOYPAD1
0000FBr 2  85 rr        		sta joy2						; ring counter
0000FDr 2  4A           		lsr								; A = 0
0000FEr 2  8D 16 40     		sta JOYPAD1
000101r 2               
000101r 2               @READ_JOY_LOOP:
000101r 2  AD 16 40     		lda JOYPAD1
000104r 2  29 03        		and #%00000011
000106r 2  C9 01        		cmp #$01						; A - 1 = A + 0xff; if A > 0 then Carry=1
000108r 2  26 rr        		rol joy1						; Carry -> bit 0; bit 7 -> Carry
00010Ar 2  AD 17 40     		lda JOYPAD2
00010Dr 2  29 03        		and #%00000011
00010Fr 2  C9 01        		cmp #$01
000111r 2  26 rr        		rol joy2
000113r 2  90 EC        		bcc @READ_JOY_LOOP				; CarryON -> end
000115r 2  60           		rts	; --------------------------
000116r 2               
000116r 2               
000116r 2               ;*------------------------------------------------------------------------------
000116r 2               ; Set scroll position
000116r 2               ; Use during NMI or executing raster scroll.
000116r 2               ; @PARAM	None
000116r 2               ; @BREAK	A
000116r 2               ; @RETURN	None
000116r 2               ;*------------------------------------------------------------------------------
000116r 2               
000116r 2               _setScroll:
000116r 2  A5 rr        	lda scroll_x
000118r 2  8D 05 20     	sta PPU_SCROLL
00011Br 2  A5 rr        	lda scroll_y
00011Dr 2  8D 05 20     	sta PPU_SCROLL
000120r 2  60           	rts	; ------------------------------
000121r 2               
000121r 1               
000121r 1               .segment "HEADER"
000000r 1  4E 45 53 1A  		.byte $4e, $45, $53, $1a
000004r 1  02           		.byte $02						; program bank
000005r 1  01           		.byte $01						; charactor bank
000006r 1  01           		.byte $01						; vartical mirror
000007r 1  00           		.byte $00
000008r 1  00 00 00 00  		.byte $00, $00, $00, $00
00000Cr 1  00 00 00 00  		.byte $00, $00, $00, $00
000010r 1               
000010r 1               .code
000121r 1               .segment "STARTUP"
000000r 1               .proc RESET
000000r 1  78 D8 A2 FF  		init
000004r 1  9A E8 8E 00  
000008r 1  20 8E 01 20  
00006Ar 1               
00006Ar 1  4C rr rr     		jmp MAIN
00006Dr 1               .endproc
00006Dr 1               
00006Dr 1               .proc IRQ
00006Dr 1  40           		rti
00006Er 1               .endproc
00006Er 1               
00006Er 1               .segment "CHARS"
000000r 1  00 E0 E0 C0  		.incbin "spr_bg.chr"
000004r 1  80 00 00 00  
000008r 1  00 00 00 00  
002000r 1               
002000r 1               .segment "VECINFO"
000000r 1  rr rr        		.word NMI
000002r 1  rr rr        		.word RESET
000004r 1  rr rr        		.word IRQ
000004r 1               
