ca65 V2.19 - Git de30a57
Main file   : pacman.asm
Current file: pacman.asm

000000r 1               .setcpu "6502"
000000r 1               .feature c_comments
000000r 1               
000000r 1               .rodata									; ----- data -----
000000r 1               .include "inc/const.inc"
000000r 2               BTN_A									= %10000000
000000r 2               BTN_B									= %01000000
000000r 2               BTN_S									= %00100000
000000r 2               BTN_T									= %00010000
000000r 2               BTN_U									= %00001000
000000r 2               BTN_D									= %00000100
000000r 2               BTN_L									= %00000010
000000r 2               BTN_R									= %00000001
000000r 2               
000000r 2               PPU_END_CODE							= %11111111			; $ff
000000r 2               PPU_VERTICAL_MODE						= %11111110			; $fe
000000r 2               PPU_HORIZONTAL_MODE						= %11111100			; $fc
000000r 2               PPU_SP_CODE								= %11111000			; special code
000000r 2               
000000r 2               PPU_CTRL1_STD							= %10010000		; |NMION|PPU=MASTER|SPR8*8|BG$1000|SPR$0000|VRAM+1|SCRN$2000(2)|
000000r 2               PPU_CTRL2_STD							= %00011110		; |R|G|B|DISP-SPR|DISP-BG|SHOW-L8SPR|SHOW-L8BG|MODE=COLOR|
000000r 2               
000000r 1               .include "inc/const_addr.inc"
000000r 2               ZP					= $00
000000r 2               CHR_DATA			= $0300
000000r 2               MAP1_DATA			= $0400
000000r 2               MAP2_DATA			= $0500
000000r 2               PPU_UPDATE_DATA		= $0600
000000r 2               
000000r 2               PLT_TABLE_ADDR		= $3f
000000r 2               
000000r 2               PPU_CTRL1			= $2000
000000r 2               PPU_CTRL2			= $2001
000000r 2               PPU_STATUS			= $2002
000000r 2               OAM_ADDR			= $2003
000000r 2               OAM_DATA			= $2004
000000r 2               PPU_SCROLL			= $2005
000000r 2               PPU_ADDR			= $2006
000000r 2               PPU_DATA			= $2007
000000r 2               OAM_DMA				= $4014
000000r 2               
000000r 2               /*
000000r 2               SOUND_SQ1_1			= $4000		; Duty(2)|時間カウンタ|音響変化|ボリューム(4)
000000r 2               SOUND_SQ1_2			= $4001		; 周波数変化|変化速度(3)|変化方向|変化範囲(3)
000000r 2               SOUND_SQ1_3			= $4002		; 周波数下位
000000r 2               SOUND_SQ1_4			= $4003		; 再生時間(5)|周波数上位(3)
000000r 2               SOUND_SQ2_1			= $4004
000000r 2               SOUND_SQ2_2			= $4005
000000r 2               SOUND_SQ2_3			= $4006
000000r 2               SOUND_SQ2_4			= $4007
000000r 2               SOUND_TR_1			= $4008		; 再生時間カウンタ|カウンタを使用した長さ(7)
000000r 2               SOUND_TR_2			= $400A		; 周波数下位
000000r 2               SOUND_TR_3			= $400B		; 再生時間(5)|周波数上位(3)
000000r 2               SOUND_NS_1			= $400C		; 未使用(2)|再生時間カウンタ|音響固定|ボリューム(3)
000000r 2               SOUND_NS_2			= $400E		; 乱数タイプ(高周波)|未使用(3)|サンプルレート(4)
000000r 2               SOUND_NS_3			= $400F		; 再生時間(5)|未使用(3)
000000r 2               SOUND_CHANNEL		= $4015		; 未使用(3)|DPCM|ノイズ|三角波|CH2|CH1
000000r 2               */
000000r 2               
000000r 2               JOYPAD1				= $4016
000000r 2               JOYPAD2				= $4017
000000r 2               
000000r 1               .include "inc/var_addr.inc"
000000r 2               ; ZeroPage
000000r 2               .segment "ZEROPAGE"
000000r 2  01           tmp1						: .byte 1
000001r 2  01           tmp2						: .byte 1
000002r 2  01           tmp3						: .byte 1
000003r 2  01           scroll_x					: .byte 1
000004r 2  01           scroll_y					: .byte 1
000005r 2  01           ppu_ctrl1_cpy				: .byte 1	; |NMI-ON|PPU=MASTER|SPR8*8|BG$1000|SPR$0000|VRAM+1|SCREEN$2000(2)|
000006r 2  01           ppu_ctrl2_cpy				: .byte 1	; |R|G|B|DISP-SPR|DISP-BG|SHOW-L8-SPR|SHOW-L8-BG|MODE=COLOR|
000007r 2               
000007r 2  01           joy1						: .byte 1
000008r 2  01           joy2						: .byte 1
000009r 2  01           joy1_prev					: .byte 1
00000Ar 2  01           joy2_prev					: .byte 1
00000Br 2  01           joy1_pushstart				: .byte 1
00000Cr 2  01           joy2_pushstart				: .byte 1
00000Dr 2               
00000Dr 2  01           ppu_update_data_pointer		: .byte 1
00000Er 2               
00000Er 2               nmi_cnt				= $fd
00000Er 2               frm_cnt				= $fe
00000Er 2               isend_main			= $ff
00000Er 2               
00000Er 2               .code
000000r 2               
000000r 2               ; LABEL: .res Len FillVal
000000r 2               
000000r 1               .include "inc/palette.inc"
000000r 2               DEFAULT_PLT:
000000r 2               		; BG
000000r 2  22 17 36 0F  		.byte $22,$17,$36,$0f
000004r 2  00 28 17 07  		.byte $00,$28,$17,$07
000008r 2  00 22 00 00  		.byte $00,$22,$00,$00
00000Cr 2  00 00 00 00  		.byte $00,$00,$00,$00
000010r 2               		; SPR
000010r 2  22 16 27 18  		.byte $22,$16,$27,$18
000014r 2  00 00 00 00  		.byte $00,$00,$00,$00
000018r 2  00 00 00 00  		.byte $00,$00,$00,$00
00001Cr 2  00 00 00 00  		.byte $00,$00,$00,$00
000020r 2               
000020r 1               
000020r 1               .include "main.asm"
000020r 2               ;*------------------------------------------------------------------------------
000020r 2               ; メイン関数
000020r 2               ;*------------------------------------------------------------------------------
000020r 2               
000020r 2               .proc MAIN
000020r 2  A5 FF        		lda isend_main
000022r 2  D0 FC        		bne MAIN
000024r 2               
000024r 2  20 rr rr     		jsr _getJoyData
000027r 2               
000027r 2               		; chr disp program
000027r 2               		; TODO: cycle count
000027r 2               		; addr AB       CD
000027r 2               		;       or
000027r 2               		; addr AB addr CD
000027r 2               
000027r 2  A2 00        		ldx #0
000029r 2  86 rr        		stx ppu_update_data_pointer
00002Br 2               
00002Br 2               @STORE_PPU_DATA_LOOP:
00002Br 2  BD rr rr     		lda PPU_DATA_ARR, x
00002Er 2  C9 FF        		cmp #$ff
000030r 2  F0 06        		beq @END_STORE
000032r 2  9D 00 06     		sta PPU_UPDATE_DATA, x
000035r 2  E8           		inx
000036r 2  D0 F3        		bne @STORE_PPU_DATA_LOOP
000038r 2               @END_STORE:
000038r 2  86 rr        		stx ppu_update_data_pointer
00003Ar 2               
00003Ar 2               		; endcode
00003Ar 2               
00003Ar 2               		; end main
00003Ar 2               		; TODO: check pointer overflow
00003Ar 2  A6 rr        		ldx ppu_update_data_pointer
00003Cr 2  A9 FF        		lda #PPU_END_CODE
00003Er 2  9D 00 06     		sta PPU_UPDATE_DATA, x
000041r 2  E8           		inx
000042r 2               
000042r 2  A9 01        		lda #1
000044r 2  85 FF        		sta isend_main
000046r 2               
000046r 2  4C rr rr     		jmp MAIN
000049r 2               .endproc
000049r 2               
000049r 2               
000049r 2               PPU_DATA_ARR:
000049r 2  FC           		.byte %11111100					; horizontal
00004Ar 2  20 40        		.dbyt $2040						; dbyt = Define BYTe?: Define word sized data with the hi and lo bytes swapped. ($1234 = $12, $34)
00004Cr 2  41 42 43     		.byte "ABC"
00004Fr 2  FE           		.byte %11111110					; vertical
000050r 2  22 80        		.dbyt $2280
000052r 2  31 32 33     		.byte "123"
000055r 2  FF           		.byte $ff						; loop end code
000056r 2               
000056r 1               .include "./asm/init.asm"
000056r 2               .macro init
000056r 2               	sei									; IRQ禁止
000056r 2               	cld									; BCD禁止
000056r 2               	; NesDevではAPUのフレームIRQを無効にしているが，特定のマッパーでのみ有効
000056r 2               	ldx #$ff
000056r 2               	txs
000056r 2               	inx
000056r 2               	stx PPU_CTRL1						; NMI無効化
000056r 2               	stx PPU_CTRL2						; 描画停止
000056r 2               	stx $4010							; APU DMCのIRQ（bit7）無効化
000056r 2               
000056r 2               	/*
000056r 2               	A & $2002の結果でZ（ゼロフラグ）設定
000056r 2               	$2002のbit7 -> N（ネガティブフラグ）, bit6 -> V（オーバーフロー）に入る
000056r 2               	$2002のbit7にはVblank，bit6は0爆弾の状態が入っている
000056r 2               	リセット後のこのフラグは，状態が不定なので，一回bit命令でリセットが出来るらしい
000056r 2               	*/
000056r 2               	bit $2002
000056r 2               
000056r 2               	; Vblank待機1回目
000056r 2               @VBLANK_WAIT1:
000056r 2               	bit $2002
000056r 2               	bpl @VBLANK_WAIT1
000056r 2               
000056r 2               	; PPUが安定するまで約30,000サイクルの時間がある -> この間にRAMリセット
000056r 2               
000056r 2               	txa									; X = A = 0
000056r 2               @CLR_MEM:
000056r 2               	sta $00, x
000056r 2               	sta $0100, x
000056r 2               	sta $0200, x
000056r 2               	sta $0400, x
000056r 2               	sta $0500, x
000056r 2               	sta $0600, x
000056r 2               	sta $0700, x
000056r 2               	inx
000056r 2               	bne @CLR_MEM
000056r 2               
000056r 2               	lda #$ff
000056r 2               @CLR_CHR_MEM:
000056r 2               	sta $0300, x
000056r 2               	inx
000056r 2               	bne @CLR_CHR_MEM
000056r 2               
000056r 2               	; ここで必要なメモリの初期化
000056r 2               	lda #%10010000						; |NMI-ON|PPU=MASTER|SPR8*8|BG$1000|SPR$0000|VRAM+1|SCREEN$2000|
000056r 2               	sta ppu_ctrl1_cpy
000056r 2               	lda #%00011110						; |R|G|B|DISP-SPR|DISP-BG|SHOW-L8-SPR|SHOW-L8-BG|MODE=COLOR|
000056r 2               	sta ppu_ctrl2_cpy
000056r 2               
000056r 2               	; Vblank待機2回目
000056r 2               @VBLANK_WAIT2:
000056r 2               	bit $2002
000056r 2               	bpl @VBLANK_WAIT2
000056r 2               
000056r 2               	; パレットテーブル転送
000056r 2               	lda #PLT_TABLE_ADDR				; HIGH
000056r 2               	sta PPU_ADDR
000056r 2               	lda #0				; LOW
000056r 2               	sta PPU_ADDR
000056r 2               	tax
000056r 2               @TFR_PAL:								; TFR = transfar
000056r 2               	lda DEFAULT_PLT, x
000056r 2               	sta PPU_DATA
000056r 2               	inx
000056r 2               	cpx #$20
000056r 2               	bne @TFR_PAL
000056r 2               
000056r 2               	lda #0
000056r 2               	sta OAM_ADDR
000056r 2               	lda #$03
000056r 2               	sta OAM_DMA
000056r 2               
000056r 2               	; スクリーンON
000056r 2               	jsr _restorePPUSet
000056r 2               
000056r 2               	jsr _setScroll
000056r 2               
000056r 2               .endmacro
000056r 2               
000056r 1               .include "./asm/ppu.asm"
000056r 2               ;*------------------------------------------------------------------------------
000056r 2               ; Set scroll position
000056r 2               ; Use during NMI or executing raster scroll.
000056r 2               ; @PARAM void
000056r 2               ; @BREAK A
000056r 2               ; @RETURN void
000056r 2               ;*------------------------------------------------------------------------------
000056r 2               
000056r 2               _setScroll:
000056r 2  A5 rr        	lda scroll_x
000058r 2  8D 05 20     	sta PPU_SCROLL
00005Br 2  A5 rr        	lda scroll_y
00005Dr 2  8D 05 20     	sta PPU_SCROLL
000060r 2  60           	rts	; ------------------------------
000061r 2               
000061r 1               .include "./asm/macro.asm"
000061r 2               ;*------------------------------------------------------------------------------
000061r 2               ; 割り込み等でレジスタの内容を保存する
000061r 2               ; @PARAM void
000061r 2               ; @BREAK void
000061r 2               ; @RETURN void
000061r 2               ;*------------------------------------------------------------------------------
000061r 2               
000061r 2               .macro registerSave
000061r 2               		php
000061r 2               		pha
000061r 2               		txa
000061r 2               		pha
000061r 2               		tya
000061r 2               		pha
000061r 2               .endmacro
000061r 2               
000061r 2               ;*------------------------------------------------------------------------------
000061r 2               ; 割り込み等終了時にレジスタの内容をリストアする
000061r 2               ; @PARAM void
000061r 2               ; @BREAK void
000061r 2               ; @RETURN void
000061r 2               ;*------------------------------------------------------------------------------
000061r 2               
000061r 2               .macro registerLoad
000061r 2               		pla
000061r 2               		tay
000061r 2               		pla
000061r 2               		tax
000061r 2               		pla
000061r 2               		plp
000061r 2               .endmacro
000061r 2               
000061r 1               
000061r 1               .include "./asm/nmi.asm"
000061r 2               ;*------------------------------------------------------------------------------
000061r 2               ; PPU_UPDATE_DATAを読み取り，指定アドレスに書き込んでカウンタをインクリメント
000061r 2               ; Read PPU update data & store to PPU
000061r 2               ; @PARAM ADDR forwarding address
000061r 2               ; @BREAK A, X
000061r 2               ; @RETURN void
000061r 2               ;*------------------------------------------------------------------------------
000061r 2               
000061r 2               .macro tfrDataToPPU ADDR
000061r 2               	lda PPU_UPDATE_DATA, x
000061r 2               	sta ADDR
000061r 2               	inx
000061r 2               .endmacro
000061r 2               
000061r 2               ; memo
000061r 2               ; データ構造
000061r 2               ; r: データの書き込みの方向 -> 0b111111[0/1]0 -> 0xFC（横方向）/0xFE（縦方向）
000061r 2               ; e: エンドコード -> 0b11111111 -> 0xFF
000061r 2               ; a: addr
000061r 2               ; d: data
000061r 2               ; r a a d d d ... d r a a d d ... d e
000061r 2               
000061r 2               
000061r 2               ;*------------------------------------------------------------------------------
000061r 2               ; NMI (Interrupt)
000061r 2               ;*------------------------------------------------------------------------------
000061r 2               
000061r 2               .proc NMI
000061r 2  08 48 8A 48  		registerSave
000065r 2  98 48        
000067r 2  E6 FD        		inc nmi_cnt
000069r 2  A5 FF        		lda isend_main
00006Br 2  F0 41        		beq @EXIT
00006Dr 2               
00006Dr 2  E6 FE        		inc frm_cnt
00006Fr 2               
00006Fr 2  A2 00        		ldx #0
000071r 2               @SET_MODE:
000071r 2  BD 00 06     		lda PPU_UPDATE_DATA, x
000074r 2  C9 FF        		cmp #PPU_END_CODE
000076r 2  F0 36        		beq @EXIT
000078r 2  10 14        		bpl @SET_ADDR					; 0xff~0x7e => @SET_ADDR
00007Ar 2  C9 FC        		cmp #%11111100					; $fc
00007Cr 2  30 10        		bmi @SET_ADDR					; 0xfc~0xff = plus, 0x7c~0xfb => @SET_ADDR
00007Er 2  29 02        		and #%00000010					; Get mode
000080r 2  0A           		asl
000081r 2  85 rr        		sta tmp1						; Start using tmp1
000083r 2  A5 rr        		lda ppu_ctrl1_cpy
000085r 2  29 FB        		and #%11111011
000087r 2  05 rr        		ora tmp1						; End using tmp1
000089r 2  85 rr        		sta ppu_ctrl1_cpy
00008Br 2  8D 00 20     		sta PPU_CTRL1					; Not use restorePPUSet()
00008Er 2               @SET_ADDR:
00008Er 2  E8           		inx								; Not do inx when go to @EXIT
00008Fr 2  BD 00 06     		lda PPU_UPDATE_DATA, x
000092r 2  8D 06 20     		sta PPU_ADDR
000095r 2  E8           		inx
000096r 2  BD 00 06     		lda PPU_UPDATE_DATA, x
000099r 2  8D 06 20     		sta PPU_ADDR
00009Cr 2  E8           		inx
00009Dr 2               @STORE_DATA:
00009Dr 2  BD 00 06     		lda PPU_UPDATE_DATA, x
0000A0r 2  A8           		tay
0000A1r 2  29 F8        		and #PPU_SP_CODE
0000A3r 2  C9 F8        		cmp #PPU_SP_CODE
0000A5r 2  F0 CA        		beq @SET_MODE					; no inx
0000A7r 2  98           		tya
0000A8r 2  8D 07 20     		sta PPU_DATA
0000ABr 2  E8           		inx
0000ACr 2  D0 EF        		bne @STORE_DATA
0000AEr 2               
0000AEr 2               		; @SET_MODE + @SET_ADDR = 56 cycle
0000AEr 2               		; @STORE_DATA (return @STORE_DATA) = 22 cycle
0000AEr 2               		; @STORE_DATA (return @SET_MODE) = 15 cycle
0000AEr 2               
0000AEr 2               		; str1 = "A  B"  => 56 + space_len * 22 cycle
0000AEr 2               		; |  len  || 1  |  2  |  3  |  4  |  5  |
0000AEr 2               		; | cycle || 78 | 100 | 122 | 144 | 166 |
0000AEr 2               		; str2 = 'A', str3 = 'B' => (56 + 15) * 2 = 78 * 2 = 142 cycle
0000AEr 2               		; str1 max space length = 4
0000AEr 2               
0000AEr 2               @EXIT:
0000AEr 2  A9 00        		lda #0
0000B0r 2  85 FF        		sta isend_main
0000B2r 2  20 rr rr     		jsr _setScroll
0000B5r 2  68 A8 68 AA  		registerLoad
0000B9r 2  68 28        
0000BBr 2  40           		rti	; --------------------------
0000BCr 2               .endproc
0000BCr 2               
0000BCr 1               .include "./asm/sub.asm"
0000BCr 2               ;*------------------------------------------------------------------------------
0000BCr 2               ; Restore PPU setting
0000BCr 2               ; @PARAM void
0000BCr 2               ; @BREAK A
0000BCr 2               ; @RETURN void
0000BCr 2               ;*------------------------------------------------------------------------------
0000BCr 2               
0000BCr 2               _restorePPUSet:
0000BCr 2  A5 rr        		lda ppu_ctrl1_cpy
0000BEr 2  8D 00 20     		sta PPU_CTRL1
0000C1r 2  A5 rr        		lda ppu_ctrl2_cpy
0000C3r 2  8D 01 20     		sta PPU_CTRL2
0000C6r 2  60           		rts	; --------------------------
0000C7r 2               
0000C7r 2               
0000C7r 2               ;*------------------------------------------------------------------------------
0000C7r 2               ; Get Joypad data (including prev and newly pushed btn)
0000C7r 2               ; @PARAM void
0000C7r 2               ; @BREAK A
0000C7r 2               ; @RETURN void
0000C7r 2               ;*------------------------------------------------------------------------------
0000C7r 2               
0000C7r 2               _getJoyData:
0000C7r 2               		; set prev
0000C7r 2  A5 rr        		lda joy1
0000C9r 2  85 rr        		sta joy1_prev
0000CBr 2  A5 rr        		lda joy2
0000CDr 2  85 rr        		sta joy2_prev
0000CFr 2               
0000CFr 2  20 rr rr     		jsr _readJoy
0000D2r 2               
0000D2r 2  A5 rr        		lda joy1
0000D4r 2  29 0A        		and #BTN_U|BTN_L				; Compare Up and Left...
0000D6r 2  4A           		lsr
0000D7r 2  25 rr        		and joy1						; to Down and Right
0000D9r 2  F0 0A        		beq @GET_PUSHSTART_BTN
0000DBr 2               		; Use previous frame's directions
0000DBr 2  A5 rr        		lda joy1
0000DDr 2  45 rr        		eor joy1_prev
0000DFr 2  29 F0        		and #%11110000
0000E1r 2  45 rr        		eor joy1_prev
0000E3r 2  85 rr        		sta joy1
0000E5r 2               
0000E5r 2               @GET_PUSHSTART_BTN:
0000E5r 2               		; set pushstart
0000E5r 2  A5 rr        		lda joy1_prev
0000E7r 2  49 FF        		eor #%11111111
0000E9r 2  25 rr        		and joy1
0000EBr 2  85 rr        		sta joy1_pushstart
0000EDr 2  A5 rr        		lda joy2_prev
0000EFr 2  49 FF        		eor #%11111111
0000F1r 2  25 rr        		and joy2
0000F3r 2  85 rr        		sta joy2_pushstart
0000F5r 2               
0000F5r 2  60           		rts	; --------------------------
0000F6r 2               
0000F6r 2               
0000F6r 2               ;*------------------------------------------------------------------------------
0000F6r 2               ; Read controller
0000F6r 2               ; @PARAM void
0000F6r 2               ; @BREAK A
0000F6r 2               ; @RETURN void
0000F6r 2               ;*------------------------------------------------------------------------------
0000F6r 2               
0000F6r 2               _readJoy:
0000F6r 2               		; Init controller & Set a ring counter
0000F6r 2  A9 01        		lda #1
0000F8r 2  8D 16 40     		sta JOYPAD1
0000FBr 2  85 rr        		sta joy2						; ring counter
0000FDr 2  4A           		lsr								; A = 0
0000FEr 2  8D 16 40     		sta JOYPAD1
000101r 2               
000101r 2               @READ_JOY_LOOP:
000101r 2  AD 16 40     		lda JOYPAD1
000104r 2  29 03        		and #%00000011
000106r 2  C9 01        		cmp #$01						; A - 1 = A + 0xff; if A > 0 then Carry=1
000108r 2  26 rr        		rol joy1						; Carry -> bit 0; bit 7 -> Carry
00010Ar 2  AD 17 40     		lda JOYPAD2
00010Dr 2  29 03        		and #%00000011
00010Fr 2  C9 01        		cmp #$01
000111r 2  26 rr        		rol joy2
000113r 2  90 EC        		bcc @READ_JOY_LOOP				; CarryON -> end
000115r 2  60           		rts	; --------------------------
000116r 2               
000116r 1               
000116r 1               .segment "HEADER"
000000r 1  4E 45 53 1A  		.byte $4e, $45, $53, $1a
000004r 1  02           		.byte $02						; program bank
000005r 1  01           		.byte $01						; charactor bank
000006r 1  01           		.byte $01						; vartical mirror
000007r 1  00           		.byte $00
000008r 1  00 00 00 00  		.byte $00, $00, $00, $00
00000Cr 1  00 00 00 00  		.byte $00, $00, $00, $00
000010r 1               
000010r 1               .code
000116r 1               .segment "STARTUP"
000000r 1               .proc RESET
000000r 1  78 D8 A2 FF  		init
000004r 1  9A E8 8E 00  
000008r 1  20 8E 01 20  
00006Ar 1               
00006Ar 1  4C rr rr     		jmp MAIN
00006Dr 1               .endproc
00006Dr 1               
00006Dr 1               .proc IRQ
00006Dr 1  40           		rti
00006Er 1               .endproc
00006Er 1               
00006Er 1               .segment "CHARS"
000000r 1  00 E0 E0 C0  		.incbin "spr_bg.chr"
000004r 1  80 00 00 00  
000008r 1  00 00 00 00  
002000r 1               
002000r 1               .segment "VECINFO"
000000r 1  rr rr        		.word NMI
000002r 1  rr rr        		.word RESET
000004r 1  rr rr        		.word IRQ
000004r 1               
