Modules list:
-------------
ines.o:
    CODE              Offs=000000  Size=000000  Align=00001  Fill=0000
    RODATA            Offs=000000  Size=000000  Align=00001  Fill=0000
    BSS               Offs=000000  Size=000000  Align=00001  Fill=0000
    DATA              Offs=000000  Size=000000  Align=00001  Fill=0000
    ZEROPAGE          Offs=000000  Size=000000  Align=00001  Fill=0000
    NULL              Offs=000000  Size=000000  Align=00001  Fill=0000
    HEADER            Offs=000000  Size=000010  Align=00001  Fill=0000
crt0.o:
    CODE              Offs=000000  Size=000000  Align=00001  Fill=0000
    RODATA            Offs=000000  Size=000000  Align=00001  Fill=0000
    BSS               Offs=000000  Size=000000  Align=00001  Fill=0000
    DATA              Offs=000000  Size=000000  Align=00001  Fill=0000
    ZEROPAGE          Offs=000000  Size=000000  Align=00001  Fill=0000
    NULL              Offs=000000  Size=000000  Align=00001  Fill=0000
    STARTUP           Offs=000000  Size=000087  Align=00001  Fill=0000
    VECTORS           Offs=000000  Size=000006  Align=00001  Fill=0000
work.o:
    CODE              Offs=000000  Size=000000  Align=00001  Fill=0000
    RODATA            Offs=000000  Size=000000  Align=00001  Fill=0000
    BSS               Offs=000000  Size=000006  Align=00001  Fill=0000
    DATA              Offs=000000  Size=000000  Align=00001  Fill=0000
    ZEROPAGE          Offs=000000  Size=000022  Align=00001  Fill=0000
    NULL              Offs=000000  Size=000000  Align=00001  Fill=0000
nmi_main.o:
    CODE              Offs=000000  Size=000000  Align=00001  Fill=0000
    RODATA            Offs=000000  Size=000000  Align=00001  Fill=0000
    BSS               Offs=000006  Size=000000  Align=00001  Fill=0000
    DATA              Offs=000000  Size=000000  Align=00001  Fill=0000
    ZEROPAGE          Offs=000022  Size=000000  Align=00001  Fill=0000
    NULL              Offs=000000  Size=000000  Align=00001  Fill=0000
    LOWCODE           Offs=000000  Size=0000CA  Align=00001  Fill=0000
irq_main.o:
    CODE              Offs=000000  Size=000000  Align=00001  Fill=0000
    RODATA            Offs=000000  Size=000000  Align=00001  Fill=0000
    BSS               Offs=000006  Size=000000  Align=00001  Fill=0000
    DATA              Offs=000000  Size=000000  Align=00001  Fill=0000
    ZEROPAGE          Offs=000022  Size=000000  Align=00001  Fill=0000
    NULL              Offs=000000  Size=000000  Align=00001  Fill=0000
    LOWCODE           Offs=0000CA  Size=00000E  Align=00001  Fill=0000
main.o:
    CODE              Offs=000000  Size=000023  Align=00001  Fill=0000
    RODATA            Offs=000000  Size=000004  Align=00001  Fill=0000
    BSS               Offs=000006  Size=000000  Align=00001  Fill=0000
    DATA              Offs=000000  Size=000000  Align=00001  Fill=0000
    ZEROPAGE          Offs=000022  Size=000000  Align=00001  Fill=0000
    NULL              Offs=000000  Size=000000  Align=00001  Fill=0000
testmus.o:
    CODE              Offs=000023  Size=000000  Align=00001  Fill=0000
    RODATA            Offs=000004  Size=000000  Align=00001  Fill=0000
    BSS               Offs=000006  Size=000000  Align=00001  Fill=0000
    DATA              Offs=000000  Size=000000  Align=00001  Fill=0000
    ZEROPAGE          Offs=000022  Size=000000  Align=00001  Fill=0000
    NULL              Offs=000000  Size=000000  Align=00001  Fill=0000
    MUSDATA           Offs=000000  Size=0000E1  Align=00001  Fill=0000
    PCMDATA           Offs=000000  Size=0013C1  Align=00040  Fill=0000
..\..\lib\\nsd.lib(nsd_init.o):
    CODE              Offs=000023  Size=00000A  Align=00001  Fill=0000
    RODATA            Offs=000004  Size=000000  Align=00001  Fill=0000
    BSS               Offs=000006  Size=000000  Align=00001  Fill=0000
    DATA              Offs=000000  Size=000000  Align=00001  Fill=0000
    ZEROPAGE          Offs=000022  Size=000000  Align=00001  Fill=0000
    NULL              Offs=000000  Size=000000  Align=00001  Fill=0000
..\..\lib\\nsd.lib(nsd_set_dpcm.o):
    CODE              Offs=00002D  Size=000007  Align=00001  Fill=0000
    RODATA            Offs=000004  Size=000000  Align=00001  Fill=0000
    BSS               Offs=000006  Size=000000  Align=00001  Fill=0000
    DATA              Offs=000000  Size=000000  Align=00001  Fill=0000
    ZEROPAGE          Offs=000022  Size=000000  Align=00001  Fill=0000
    NULL              Offs=000000  Size=000000  Align=00001  Fill=0000
..\..\lib\\nsd.lib(nsd_main.o):
    CODE              Offs=000034  Size=000085  Align=00001  Fill=0000
    RODATA            Offs=000004  Size=000000  Align=00001  Fill=0000
    BSS               Offs=000006  Size=000000  Align=00001  Fill=0000
    DATA              Offs=000000  Size=000000  Align=00001  Fill=0000
    ZEROPAGE          Offs=000022  Size=000000  Align=00001  Fill=0000
    NULL              Offs=000000  Size=000000  Align=00001  Fill=0000
..\..\lib\\nsd.lib(nsd_play_bgm.o):
    CODE              Offs=0000B9  Size=0000E2  Align=00001  Fill=0000
    RODATA            Offs=000004  Size=000000  Align=00001  Fill=0000
    BSS               Offs=000006  Size=000000  Align=00001  Fill=0000
    DATA              Offs=000000  Size=000000  Align=00001  Fill=0000
    ZEROPAGE          Offs=000022  Size=000000  Align=00001  Fill=0000
    NULL              Offs=000000  Size=000000  Align=00001  Fill=0000
..\..\lib\\nsd.lib(nsd_stop_bgm.o):
    CODE              Offs=00019B  Size=000020  Align=00001  Fill=0000
    RODATA            Offs=000004  Size=000000  Align=00001  Fill=0000
    BSS               Offs=000006  Size=000000  Align=00001  Fill=0000
    DATA              Offs=000000  Size=000000  Align=00001  Fill=0000
    ZEROPAGE          Offs=000022  Size=000000  Align=00001  Fill=0000
    NULL              Offs=000000  Size=000000  Align=00001  Fill=0000
..\..\lib\\nsd.lib(nsd_play_se.o):
    CODE              Offs=0001BB  Size=00007E  Align=00001  Fill=0000
    RODATA            Offs=000004  Size=000000  Align=00001  Fill=0000
    BSS               Offs=000006  Size=000000  Align=00001  Fill=0000
    DATA              Offs=000000  Size=000000  Align=00001  Fill=0000
    ZEROPAGE          Offs=000022  Size=000000  Align=00001  Fill=0000
    NULL              Offs=000000  Size=000000  Align=00001  Fill=0000
..\..\lib\\nsd.lib(nsd_stop_se.o):
    CODE              Offs=000239  Size=000024  Align=00001  Fill=0000
    RODATA            Offs=000004  Size=000000  Align=00001  Fill=0000
    BSS               Offs=000006  Size=000000  Align=00001  Fill=0000
    DATA              Offs=000000  Size=000000  Align=00001  Fill=0000
    ZEROPAGE          Offs=000022  Size=000000  Align=00001  Fill=0000
    NULL              Offs=000000  Size=000000  Align=00001  Fill=0000
..\..\lib\\nsd.lib(nsd_sequence.o):
    CODE              Offs=00025D  Size=0005A0  Align=00001  Fill=0000
    RODATA            Offs=000004  Size=000098  Align=00001  Fill=0000
    BSS               Offs=000006  Size=000000  Align=00001  Fill=0000
    DATA              Offs=000000  Size=000000  Align=00001  Fill=0000
    ZEROPAGE          Offs=000022  Size=000000  Align=00001  Fill=0000
    NULL              Offs=000000  Size=000000  Align=00001  Fill=0000
..\..\lib\\nsd.lib(nsd_envelope.o):
    CODE              Offs=0007FD  Size=00023B  Align=00001  Fill=0000
    RODATA            Offs=00009C  Size=000000  Align=00001  Fill=0000
    BSS               Offs=000006  Size=000000  Align=00001  Fill=0000
    DATA              Offs=000000  Size=000000  Align=00001  Fill=0000
    ZEROPAGE          Offs=000022  Size=000000  Align=00001  Fill=0000
    NULL              Offs=000000  Size=000000  Align=00001  Fill=0000
..\..\lib\\nsd.lib(nsd_snd.o):
    CODE              Offs=000A38  Size=0002A4  Align=00001  Fill=0000
    RODATA            Offs=00009C  Size=000116  Align=00001  Fill=0000
    BSS               Offs=000006  Size=000000  Align=00001  Fill=0000
    DATA              Offs=000000  Size=000000  Align=00001  Fill=0000
    ZEROPAGE          Offs=000022  Size=000000  Align=00001  Fill=0000
    NULL              Offs=000000  Size=000000  Align=00001  Fill=0000
..\..\lib\\nsd.lib(nsd_math.o):
    CODE              Offs=000CDC  Size=000066  Align=00001  Fill=0000
    RODATA            Offs=0001B2  Size=000000  Align=00001  Fill=0000
    BSS               Offs=000006  Size=000000  Align=00001  Fill=0000
    DATA              Offs=000000  Size=000000  Align=00001  Fill=0000
    ZEROPAGE          Offs=000022  Size=000000  Align=00001  Fill=0000
    NULL              Offs=000000  Size=000000  Align=00001  Fill=0000
..\..\lib\\nsd.lib(nsd_work.o):
    CODE              Offs=000D42  Size=000000  Align=00001  Fill=0000
    RODATA            Offs=0001B2  Size=000000  Align=00001  Fill=0000
    BSS               Offs=000006  Size=000126  Align=00001  Fill=0000
    DATA              Offs=000000  Size=000000  Align=00001  Fill=0000
    ZEROPAGE          Offs=000022  Size=000030  Align=00001  Fill=0000
    NULL              Offs=000000  Size=000000  Align=00001  Fill=0000


Segment list:
-------------
Name                   Start     End    Size  Align
----------------------------------------------------
HEADER                000000  00000F  000010  00001
NULL                  000000  000000  000000  00001
ZEROPAGE              000002  000053  000052  00001
BSS                   000200  00032B  00012C  00001
DATA                  006000  006000  000000  00001
MUSDATA               008000  0080E0  0000E1  00001
PCMDATA               00C000  00D3C0  0013C1  00040
STARTUP               00E000  00E086  000087  00001
LOWCODE               00E087  00E15E  0000D8  00001
CODE                  00E15F  00EEA0  000D42  00001
RODATA                00EEA1  00F052  0001B2  00001
VECTORS               00FFFA  00FFFF  000006  00001


Exports list by name:
---------------------
IRQ_main                  00E151 RLA    NMI_main                  00E087 RLA    
_IRQ_CallBack             000202 RLA    _JMP_Address              000204  LA    
_NMI_CallBack             000200 RLA    _Test_BGM0                0080CD RLA    
_Test_DPCMinfo            008000 RLA    __BSS_LOAD__              000200  LA    
__BSS_RUN__               000200  LA    __BSS_SIZE__              00012C  EA    
__CODE_LOAD__             00E15F  LA    __CODE_RUN__              00E15F  LA    
__CODE_SIZE__             000D42  EA    __DATA_LOAD__             00F053 RLA    
__DATA_RUN__              006000 RLA    __DATA_SIZE__             000000 REA    
__Flag_2000               000012  LZ    __Flag_2001               000013  LZ    
__MMC3_Pbank0             000014  LZ    __MMC3_Pbank1             000015  LZ    
__MUSDATA_LOAD__          008000  LA    __MUSDATA_RUN__           008000  LA    
__MUSDATA_SIZE__          0000E1  EA    __MusBank                 000022  LZ    
__PAD0                    00001A RLZ    __PAD0_OLD                00001C RLZ    
__PAD0_REL                00001E RLZ    __PAD0_TRG                000020 RLZ    
__PAD1                    00001B RLZ    __PAD1_OLD                00001D RLZ    
__PAD1_REL                00001F RLZ    __PAD1_TRG                000021 RLZ    
__PCMDATA_LOAD__          00C000  LA    __PCMDATA_RUN__           00C000  LA    
__PCMDATA_SIZE__          0013C1  EA    __RAM_FILEOFFS__          000000  EA    
__RAM_LAST__              006000  LA    __RAM_SIZE__              002000  EA    
__RAM_START__             006000  LA    __RODATA_LOAD__           00EEA1  LA    
__RODATA_RUN__            00EEA1  LA    __RODATA_SIZE__           0001B2  EA    
__ROM0_FILEOFFS__         000010  EA    __ROM0_LAST__             0080E1  LA    
__ROM0_SIZE__             004000  EA    __ROM0_START__            008000  LA    
__ROMD_FILEOFFS__         004010  EA    __ROMD_LAST__             00D3C1  LA    
__ROMD_SIZE__             002000  EA    __ROMD_START__            00C000  LA    
__ROMP_FILEOFFS__         006010  EA    __ROMP_LAST__             00F053  LA    
__ROMP_SIZE__             001FFA  EA    __ROMP_START__            00E000  LA    
__SRAM_FILEOFFS__         000000  EA    __SRAM_LAST__             00032C  LA    
__SRAM_SIZE__             000600  EA    __SRAM_START__            000200  LA    
__STACK_FILEOFFS__        000000  EA    __STACK_LAST__            000100  LA    
__STACK_SIZE__            000100 REA    __STACK_START__           000100 RLA    
__STARTUP_LOAD__          00E000  LA    __STARTUP_RUN__           00E000  LA    
__STARTUP_SIZE__          000087  EA    __SeBank                  000023  LZ    
__ZP_FILEOFFS__           000000  EA    __ZP_LAST__               000054  LA    
__ZP_SIZE__               000060  EA    __ZP_START__              000002  LA    
__cc                      000016 RLZ    __hh                      000019 RLZ    
__i0                      00000E  LZ    __i1                      00000F  LZ    
__i2                      000010  LZ    __i3                      000011  LZ    
__mm                      000018 RLZ    __n0                      00000A RLZ    
__n1                      00000B RLZ    __n2                      00000C RLZ    
__n3                      00000D RLZ    __r0                      000002 RLZ    
__r1                      000003  LZ    __r2                      000004 RLZ    
__r3                      000005  LZ    __r4                      000006 RLZ    
__r5                      000007  LZ    __r6                      000008  LZ    
__r7                      000009  LZ    __ss                      000017 RLZ    
_main                     00E172 RLA    _nsd_div192               00EE3B RLA    
_nsd_dpcm_calc            00EBBF  LA    _nsd_init                 00E182 RLA    
_nsd_main                 00E193 RLA    _nsd_mul                  00EE78 RLA    
_nsd_play                 00E26E RLA    _nsd_play_bgm             00E218 RLA    
_nsd_play_se              00E31A RLA    _nsd_set_dpcm             00E18C RLA    
_nsd_snd_frequency        00ED22 RLA    _nsd_snd_init             00EB97 RLA    
_nsd_snd_keyoff           00EC39 RLA    _nsd_snd_keyon            00EBDA RLA    
_nsd_snd_sweep            00ECFF RLA    _nsd_snd_voice            00EC65 RLA    
_nsd_snd_volume           00ECA7 RLA    _nsd_stop_bgm             00E2FA RLA    
_nsd_stop_se              00E398 RLA    exit                      00E054  LA    
nsd_envelop               00E95C RLA    nsd_sequence              00E3E3 RLA    
nsd_work                  000206 RLA    nsd_work_zp               000024 RLZ    



Exports list by value:
----------------------
__SRAM_FILEOFFS__         000000  EA    __RAM_FILEOFFS__          000000  EA    
__ZP_FILEOFFS__           000000  EA    __STACK_FILEOFFS__        000000  EA    
__DATA_SIZE__             000000 REA    __ZP_START__              000002  LA    
__r0                      000002 RLZ    __r1                      000003  LZ    
__r2                      000004 RLZ    __r3                      000005  LZ    
__r4                      000006 RLZ    __r5                      000007  LZ    
__r6                      000008  LZ    __r7                      000009  LZ    
__n0                      00000A RLZ    __n1                      00000B RLZ    
__n2                      00000C RLZ    __n3                      00000D RLZ    
__i0                      00000E  LZ    __i1                      00000F  LZ    
__ROM0_FILEOFFS__         000010  EA    __i2                      000010  LZ    
__i3                      000011  LZ    __Flag_2000               000012  LZ    
__Flag_2001               000013  LZ    __MMC3_Pbank0             000014  LZ    
__MMC3_Pbank1             000015  LZ    __cc                      000016 RLZ    
__ss                      000017 RLZ    __mm                      000018 RLZ    
__hh                      000019 RLZ    __PAD0                    00001A RLZ    
__PAD1                    00001B RLZ    __PAD0_OLD                00001C RLZ    
__PAD1_OLD                00001D RLZ    __PAD0_REL                00001E RLZ    
__PAD1_REL                00001F RLZ    __PAD0_TRG                000020 RLZ    
__PAD1_TRG                000021 RLZ    __MusBank                 000022  LZ    
__SeBank                  000023  LZ    nsd_work_zp               000024 RLZ    
__ZP_LAST__               000054  LA    __ZP_SIZE__               000060  EA    
__STARTUP_SIZE__          000087  EA    __MUSDATA_SIZE__          0000E1  EA    
__STACK_SIZE__            000100 REA    __STACK_START__           000100 RLA    
__STACK_LAST__            000100  LA    __BSS_SIZE__              00012C  EA    
__RODATA_SIZE__           0001B2  EA    _NMI_CallBack             000200 RLA    
__SRAM_START__            000200  LA    __BSS_LOAD__              000200  LA    
__BSS_RUN__               000200  LA    _IRQ_CallBack             000202 RLA    
_JMP_Address              000204  LA    nsd_work                  000206 RLA    
__SRAM_LAST__             00032C  LA    __SRAM_SIZE__             000600  EA    
__CODE_SIZE__             000D42  EA    __PCMDATA_SIZE__          0013C1  EA    
__ROMP_SIZE__             001FFA  EA    __ROMD_SIZE__             002000  EA    
__RAM_SIZE__              002000  EA    __ROM0_SIZE__             004000  EA    
__ROMD_FILEOFFS__         004010  EA    __DATA_RUN__              006000 RLA    
__RAM_LAST__              006000  LA    __RAM_START__             006000  LA    
__ROMP_FILEOFFS__         006010  EA    __MUSDATA_RUN__           008000  LA    
__ROM0_START__            008000  LA    _Test_DPCMinfo            008000 RLA    
__MUSDATA_LOAD__          008000  LA    _Test_BGM0                0080CD RLA    
__ROM0_LAST__             0080E1  LA    __ROMD_START__            00C000  LA    
__PCMDATA_LOAD__          00C000  LA    __PCMDATA_RUN__           00C000  LA    
__ROMD_LAST__             00D3C1  LA    __STARTUP_LOAD__          00E000  LA    
__STARTUP_RUN__           00E000  LA    __ROMP_START__            00E000  LA    
exit                      00E054  LA    NMI_main                  00E087 RLA    
IRQ_main                  00E151 RLA    __CODE_RUN__              00E15F  LA    
__CODE_LOAD__             00E15F  LA    _main                     00E172 RLA    
_nsd_init                 00E182 RLA    _nsd_set_dpcm             00E18C RLA    
_nsd_main                 00E193 RLA    _nsd_play_bgm             00E218 RLA    
_nsd_play                 00E26E RLA    _nsd_stop_bgm             00E2FA RLA    
_nsd_play_se              00E31A RLA    _nsd_stop_se              00E398 RLA    
nsd_sequence              00E3E3 RLA    nsd_envelop               00E95C RLA    
_nsd_snd_init             00EB97 RLA    _nsd_dpcm_calc            00EBBF  LA    
_nsd_snd_keyon            00EBDA RLA    _nsd_snd_keyoff           00EC39 RLA    
_nsd_snd_voice            00EC65 RLA    _nsd_snd_volume           00ECA7 RLA    
_nsd_snd_sweep            00ECFF RLA    _nsd_snd_frequency        00ED22 RLA    
_nsd_div192               00EE3B RLA    _nsd_mul                  00EE78 RLA    
__RODATA_RUN__            00EEA1  LA    __RODATA_LOAD__           00EEA1  LA    
__ROMP_LAST__             00F053  LA    __DATA_LOAD__             00F053 RLA    



Imports list:
-------------
IRQ_main (irq_main.o):
    crt0.o                    crt0.s:13
NMI_main (nmi_main.o):
    crt0.o                    crt0.s:12
_IRQ_CallBack (work.o):
    irq_main.o                work.inc:46
_JMP_Address (work.o):
_NMI_CallBack (work.o):
    nmi_main.o                work.inc:45
_Test_BGM0 (testmus.o):
    main.o                    main.s:5
_Test_DPCMinfo (testmus.o):
    main.o                    main.s:4
__BSS_LOAD__ ([linker generated]):
__BSS_RUN__ ([linker generated]):
__BSS_SIZE__ ([linker generated]):
__CODE_LOAD__ ([linker generated]):
__CODE_RUN__ ([linker generated]):
__CODE_SIZE__ ([linker generated]):
__DATA_LOAD__ ([linker generated]):
    crt0.o                    crt0.s:28
__DATA_RUN__ ([linker generated]):
    crt0.o                    crt0.s:28
__DATA_SIZE__ ([linker generated]):
    crt0.o                    crt0.s:28
__Flag_2000 (work.o):
__Flag_2001 (work.o):
__MMC3_Pbank0 (work.o):
__MMC3_Pbank1 (work.o):
__MUSDATA_LOAD__ ([linker generated]):
__MUSDATA_RUN__ ([linker generated]):
__MUSDATA_SIZE__ ([linker generated]):
__MusBank (work.o):
__PAD0 (work.o):
    nmi_main.o                work.inc:35
__PAD0_OLD (work.o):
    nmi_main.o                work.inc:37
__PAD0_REL (work.o):
    nmi_main.o                work.inc:39
__PAD0_TRG (work.o):
    nmi_main.o                work.inc:41
__PAD1 (work.o):
    nmi_main.o                work.inc:36
__PAD1_OLD (work.o):
    nmi_main.o                work.inc:38
__PAD1_REL (work.o):
    nmi_main.o                work.inc:40
__PAD1_TRG (work.o):
    nmi_main.o                work.inc:42
__PCMDATA_LOAD__ ([linker generated]):
__PCMDATA_RUN__ ([linker generated]):
__PCMDATA_SIZE__ ([linker generated]):
__RAM_FILEOFFS__ ([linker generated]):
__RAM_LAST__ ([linker generated]):
__RAM_SIZE__ ([linker generated]):
__RAM_START__ ([linker generated]):
__RODATA_LOAD__ ([linker generated]):
__RODATA_RUN__ ([linker generated]):
__RODATA_SIZE__ ([linker generated]):
__ROM0_FILEOFFS__ ([linker generated]):
__ROM0_LAST__ ([linker generated]):
__ROM0_SIZE__ ([linker generated]):
__ROM0_START__ ([linker generated]):
__ROMD_FILEOFFS__ ([linker generated]):
__ROMD_LAST__ ([linker generated]):
__ROMD_SIZE__ ([linker generated]):
__ROMD_START__ ([linker generated]):
__ROMP_FILEOFFS__ ([linker generated]):
__ROMP_LAST__ ([linker generated]):
__ROMP_SIZE__ ([linker generated]):
__ROMP_START__ ([linker generated]):
__SRAM_FILEOFFS__ ([linker generated]):
__SRAM_LAST__ ([linker generated]):
__SRAM_SIZE__ ([linker generated]):
__SRAM_START__ ([linker generated]):
__STACK_FILEOFFS__ ([linker generated]):
__STACK_LAST__ ([linker generated]):
__STACK_SIZE__ ([linker generated]):
    crt0.o                    crt0.s:21
__STACK_START__ ([linker generated]):
    crt0.o                    crt0.s:21
__STARTUP_LOAD__ ([linker generated]):
__STARTUP_RUN__ ([linker generated]):
__STARTUP_SIZE__ ([linker generated]):
__SeBank (work.o):
__ZP_FILEOFFS__ ([linker generated]):
__ZP_LAST__ ([linker generated]):
__ZP_SIZE__ ([linker generated]):
__ZP_START__ ([linker generated]):
__cc (work.o):
    main.o                    work.inc:30
    nmi_main.o                work.inc:30
__hh (work.o):
    nmi_main.o                work.inc:33
__i0 (work.o):
__i1 (work.o):
__i2 (work.o):
__i3 (work.o):
__mm (work.o):
    nmi_main.o                work.inc:32
__n0 (work.o):
    nmi_main.o                work.inc:17
__n1 (work.o):
    nmi_main.o                work.inc:18
__n2 (work.o):
    nmi_main.o                work.inc:19
__n3 (work.o):
    nmi_main.o                work.inc:20
__r0 (work.o):
    crt0.o                    work.inc:8
__r1 (work.o):
__r2 (work.o):
    crt0.o                    work.inc:10
__r3 (work.o):
__r4 (work.o):
    crt0.o                    work.inc:12
__r5 (work.o):
__r6 (work.o):
__r7 (work.o):
__ss (work.o):
    nmi_main.o                work.inc:31
_main (main.o):
    crt0.o                    crt0.s:11
_nsd_div192 (nsd_math.o):
    nsd_snd.o                 nsd_snd.s:25
_nsd_dpcm_calc (nsd_snd.o):
_nsd_init (nsd_init.o):
    crt0.o                    crt0.s:16
_nsd_main (nsd_main.o):
    nmi_main.o                ..\..\include\/nsd.inc:49
_nsd_mul (nsd_math.o):
    nsd_envelope.o            nsd_envelope.s:20
_nsd_play (nsd_play_bgm.o):
    nsd_play_se.o             nsd_play_se.s:17
_nsd_play_bgm (nsd_play_bgm.o):
    main.o                    ..\..\include\/nsd.inc:85
_nsd_play_se (nsd_play_se.o):
    nsd_sequence.o            nsd_sequence.s:21
_nsd_set_dpcm (nsd_set_dpcm.o):
    main.o                    ..\..\include\/nsd.inc:74
_nsd_snd_frequency (nsd_snd.o):
    nsd_envelope.o            nsd_envelope.s:19
_nsd_snd_init (nsd_snd.o):
    nsd_init.o                nsd_init.s:20
_nsd_snd_keyoff (nsd_snd.o):
    nsd_sequence.o            nsd_sequence.s:18
    nsd_stop_se.o             nsd_stop_se.s:22
    nsd_stop_bgm.o            nsd_stop_bgm.s:19
_nsd_snd_keyon (nsd_snd.o):
    nsd_sequence.o            nsd_sequence.s:17
_nsd_snd_sweep (nsd_snd.o):
    nsd_sequence.o            nsd_sequence.s:19
_nsd_snd_voice (nsd_snd.o):
    nsd_envelope.o            nsd_envelope.s:17
    nsd_sequence.o            nsd_sequence.s:20
_nsd_snd_volume (nsd_snd.o):
    nsd_envelope.o            nsd_envelope.s:18
    nsd_stop_se.o             nsd_stop_se.s:21
    nsd_stop_bgm.o            nsd_stop_bgm.s:18
_nsd_stop_bgm (nsd_stop_bgm.o):
    nsd_play_bgm.o            nsd_play_bgm.s:18
    nsd_init.o                nsd_init.s:17
_nsd_stop_se (nsd_stop_se.o):
    nsd_init.o                nsd_init.s:18
exit (crt0.o):
nsd_envelop (nsd_envelope.o):
    nsd_main.o                nsd_main.s:21
nsd_sequence (nsd_sequence.o):
    nsd_main.o                nsd_main.s:20
nsd_work (nsd_work.o):
    nsd_snd.o                 nsd_snd.s:27
    nsd_envelope.o            nsd_envelope.s:26
    nsd_sequence.o            nsd_sequence.s:22
    nsd_stop_se.o             nsd_stop_se.s:24
    nsd_stop_bgm.o            nsd_stop_bgm.s:21
    nsd_play_bgm.o            nsd_play_bgm.s:24
    nsd_set_dpcm.o            nsd_set_dpcm.s:17
nsd_work_zp (nsd_work.o):
    nsd_play_se.o             nsd_play_se.s:25
    nsd_math.o                nsd_math.s:18
    nsd_snd.o                 nsd_snd.s:28
    nsd_envelope.o            nsd_envelope.s:27
    nsd_sequence.o            nsd_sequence.s:23
    nsd_stop_se.o             nsd_stop_se.s:25
    nsd_stop_bgm.o            nsd_stop_bgm.s:22
    nsd_play_bgm.o            nsd_play_bgm.s:25
    nsd_main.o                nsd_main.s:17

