ca65 V2.19 - Git de30a57
Main file   : work.s
Current file: work.s

000000r 1               
000000r 1               	;Zeropage works
000000r 1               	.exportzp	__r0
000000r 1               	.exportzp	__r1
000000r 1               	.exportzp	__r2
000000r 1               	.exportzp	__r3
000000r 1               	.exportzp	__r4
000000r 1               	.exportzp	__r5
000000r 1               	.exportzp	__r6
000000r 1               	.exportzp	__r7
000000r 1               
000000r 1               	.exportzp	__n0
000000r 1               	.exportzp	__n1
000000r 1               	.exportzp	__n2
000000r 1               	.exportzp	__n3
000000r 1               
000000r 1               	.exportzp	__i0
000000r 1               	.exportzp	__i1
000000r 1               	.exportzp	__i2
000000r 1               	.exportzp	__i3
000000r 1               
000000r 1               	.exportzp	__Flag_2000
000000r 1               	.exportzp	__Flag_2001
000000r 1               
000000r 1               	.exportzp	__cc
000000r 1               	.exportzp	__ss
000000r 1               	.exportzp	__mm
000000r 1               	.exportzp	__hh
000000r 1               
000000r 1               	.exportzp	__PAD0
000000r 1               	.exportzp	__PAD1
000000r 1               	.exportzp	__PAD0_OLD
000000r 1               	.exportzp	__PAD1_OLD
000000r 1               	.exportzp	__PAD0_REL
000000r 1               	.exportzp	__PAD1_REL
000000r 1               	.exportzp	__PAD0_TRG
000000r 1               	.exportzp	__PAD1_TRG
000000r 1               
000000r 1               	.exportzp	__MMC3_Pbank0
000000r 1               	.exportzp	__MMC3_Pbank1
000000r 1               
000000r 1               	.exportzp	__MusBank
000000r 1               	.exportzp	__SeBank
000000r 1               
000000r 1               	;Non Zeropage works
000000r 1               	.export		_NMI_CallBack
000000r 1               	.export		_IRQ_CallBack
000000r 1               	.export		_JMP_Address
000000r 1               
000000r 1               ;=======================================================================
000000r 1               ;	Zeropage works
000000r 1               ;-----------------------------------------------------------------------
000000r 1               .zeropage
000000r 1               
000000r 1  00           __r0:		.byte	0		;= $00	;
000001r 1  00           __r1:		.byte	0		;= $01	;
000002r 1  00           __r2:		.byte	0		;= $02	;
000003r 1  00           __r3:		.byte	0		;= $03	;
000004r 1  00           __r4:		.byte	0		;= $04	;※関数規約：呼び出され側で保持
000005r 1  00           __r5:		.byte	0		;= $05	;※関数規約：呼び出され側で保持
000006r 1  00           __r6:		.byte	0		;= $06	;※関数規約：呼び出され側で保持
000007r 1  00           __r7:		.byte	0		;= $07	;※関数規約：呼び出され側で保持
000008r 1               
000008r 1               ;汎用レジスタ（NMI割り込み用）
000008r 1  00           __n0:		.byte	0		;= $08	;
000009r 1  00           __n1:		.byte	0		;= $09	;
00000Ar 1  00           __n2:		.byte	0		;= $0A	;
00000Br 1  00           __n3:		.byte	0		;= $0B	;
00000Cr 1               
00000Cr 1               ;汎用レジスタ（IRQ割り込み用）
00000Cr 1  00           __i0:		.byte	0		;= $0C	;
00000Dr 1  00           __i1:		.byte	0		;= $0D	;
00000Er 1  00           __i2:		.byte	0		;= $0E	;
00000Fr 1  00           __i3:		.byte	0		;= $0F	;
000010r 1               
000010r 1               ;-----------------------------------------------------------------------
000010r 1               ;システム関連
000010r 1  00           __Flag_2000:	.byte	0		;= $10	;
000011r 1  00           __Flag_2001:	.byte	0		;= $11	;
000012r 1               
000012r 1               ;-----------------------------------------------------------------------
000012r 1               ;マッパー関連
000012r 1  00           __MMC3_Pbank0:	.byte	0		;= $12	;
000013r 1  00           __MMC3_Pbank1:	.byte	0		;= $13	;
000014r 1               
000014r 1               ;-----------------------------------------------------------------------
000014r 1               ;時間関連
000014r 1  00           __cc:		.byte	0		;= $14	; 1/60単位 (HEX)
000015r 1  00           __ss:		.byte	0		;= $15	; 秒【BCD】
000016r 1  00           __mm:		.byte	0		;= $16	; 分【BCD】
000017r 1  00           __hh:		.byte	0		;= $17	; 時 (HEX)
000018r 1               
000018r 1               ;-----------------------------------------------------------------------
000018r 1               ;キー関連
000018r 1  00           __PAD0:		.byte	0		;= $18	;
000019r 1  00           __PAD1:		.byte	0		;= $19	;
00001Ar 1  00           __PAD0_OLD:	.byte	0		;= $1A	;
00001Br 1  00           __PAD1_OLD:	.byte	0		;= $1B	;
00001Cr 1  00           __PAD0_REL:	.byte	0		;= $1C	;
00001Dr 1  00           __PAD1_REL:	.byte	0		;= $1D	;
00001Er 1  00           __PAD0_TRG:	.byte	0		;= $1E	;
00001Fr 1  00           __PAD1_TRG:	.byte	0		;= $1F	;
000020r 1               
000020r 1               ;-----------------------------------------------------------------------
000020r 1               ;サウンド関連
000020r 1               
000020r 1  00           __MusBank:	.byte	0		;= $20
000021r 1  00           __SeBank:	.byte	0		;= $21
000022r 1               
000022r 1               ;
000022r 1               ;	$20 - $4F … nsd.lib sound work
000022r 1               ;
000022r 1               
000022r 1               
000022r 1               ;=======================================================================
000022r 1               ;	Non Zeropage works
000022r 1               ;-----------------------------------------------------------------------
000022r 1               .bss
000000r 1               
000000r 1  00 00        _NMI_CallBack:	.word	0		;= $0300
000002r 1  00 00        _IRQ_CallBack:	.word	0		;= $0302
000004r 1  00 00        _JMP_Address:	.word	0		;= $0304
000006r 1               
000006r 1               
